# yolo_chroma_attack — train run
args: {'run_dir': PosixPath('data/chroma_key_dataset/capture_20260602_211812'), 'out_dir': PosixPath('experiments/yolo_attack/run01'), 'yolo_weights': 'yolov8n.pt', 'image_size': 640, 'patch_size': 256, 'batch_size': 8, 'epochs': 20, 'lr': 0.05, 'target_expand_x': 3.5, 'target_expand_y': 3.5, 'eot_noise': 0.02, 'num_workers': 4, 'device': 'cuda', 'patch_init': 'uniform', 'eval_every': 4, 'seed': 0}
[init] val (10 batches): loss=0.3825  mean_veh_score_in_box=0.0032
  step     0  ep  0  loss=0.2638  veh_in_box=0.0024
  step    20  ep  0  loss=0.3068  veh_in_box=0.0025
  step    40  ep  0  loss=0.4094  veh_in_box=0.0019
  step    60  ep  0  loss=0.4124  veh_in_box=0.0036
  step    80  ep  0  loss=0.3729  veh_in_box=0.0032
  step   100  ep  0  loss=0.3848  veh_in_box=0.0020
  step   120  ep  0  loss=0.2934  veh_in_box=0.0032
  step   140  ep  0  loss=0.3694  veh_in_box=0.0039
  step   160  ep  0  loss=0.3945  veh_in_box=0.0031
  step   180  ep  1  loss=0.2049  veh_in_box=0.0018
  step   200  ep  1  loss=0.2466  veh_in_box=0.0025
  step   220  ep  1  loss=0.4298  veh_in_box=0.0031
  step   240  ep  1  loss=0.4155  veh_in_box=0.0022
  step   260  ep  1  loss=0.2662  veh_in_box=0.0021
  step   280  ep  1  loss=0.2328  veh_in_box=0.0026
  step   300  ep  1  loss=0.2685  veh_in_box=0.0030
  step   320  ep  1  loss=0.2586  veh_in_box=0.0027
  step   340  ep  2  loss=0.3324  veh_in_box=0.0049
  step   360  ep  2  loss=0.1940  veh_in_box=0.0020
  step   380  ep  2  loss=0.5260  veh_in_box=0.0026
  step   400  ep  2  loss=0.3216  veh_in_box=0.0025
  step   420  ep  2  loss=0.2925  veh_in_box=0.0015
  step   440  ep  2  loss=0.1698  veh_in_box=0.0009
  step   460  ep  2  loss=0.2706  veh_in_box=0.0038
  step   480  ep  2  loss=0.3080  veh_in_box=0.0036
  step   500  ep  3  loss=0.2832  veh_in_box=0.0038
  step   520  ep  3  loss=0.2221  veh_in_box=0.0023
  step   540  ep  3  loss=0.1233  veh_in_box=0.0008
  step   560  ep  3  loss=0.4466  veh_in_box=0.0026
  step   580  ep  3  loss=0.2822  veh_in_box=0.0024
  step   600  ep  3  loss=0.1523  veh_in_box=0.0018
  step   620  ep  3  loss=0.2298  veh_in_box=0.0011
  step   640  ep  3  loss=0.1350  veh_in_box=0.0013
  step   660  ep  3  loss=0.2372  veh_in_box=0.0018
[ep  4/20] train_loss=0.2862  val_loss=0.2961  val_veh_score=0.0028  elapsed=0.7 min
  step   680  ep  4  loss=0.4758  veh_in_box=0.0032
  step   700  ep  4  loss=0.2807  veh_in_box=0.0040
  step   720  ep  4  loss=0.4615  veh_in_box=0.0048
  step   740  ep  4  loss=0.3050  veh_in_box=0.0025
  step   760  ep  4  loss=0.3818  veh_in_box=0.0029
  step   780  ep  4  loss=0.3788  veh_in_box=0.0023
  step   800  ep  4  loss=0.1915  veh_in_box=0.0019
  step   820  ep  4  loss=0.4586  veh_in_box=0.0039
  step   840  ep  5  loss=0.2495  veh_in_box=0.0051
  step   860  ep  5  loss=0.2053  veh_in_box=0.0024
  step   880  ep  5  loss=0.3254  veh_in_box=0.0031
  step   900  ep  5  loss=0.2559  veh_in_box=0.0024
  step   920  ep  5  loss=0.2274  veh_in_box=0.0012
  step   940  ep  5  loss=0.4265  veh_in_box=0.0038
  step   960  ep  5  loss=0.2061  veh_in_box=0.0017
  step   980  ep  5  loss=0.2104  veh_in_box=0.0008
  step  1000  ep  6  loss=0.2908  veh_in_box=0.0025
  step  1020  ep  6  loss=0.2357  veh_in_box=0.0023
  step  1040  ep  6  loss=0.2121  veh_in_box=0.0027
  step  1060  ep  6  loss=0.2512  veh_in_box=0.0012
  step  1080  ep  6  loss=0.3022  veh_in_box=0.0041
  step  1100  ep  6  loss=0.2521  veh_in_box=0.0024
  step  1120  ep  6  loss=0.4006  veh_in_box=0.0037
  step  1140  ep  6  loss=0.3181  veh_in_box=0.0022
  step  1160  ep  6  loss=0.1983  veh_in_box=0.0017
  step  1180  ep  7  loss=0.2474  veh_in_box=0.0022
  step  1200  ep  7  loss=0.3818  veh_in_box=0.0023
  step  1220  ep  7  loss=0.2341  veh_in_box=0.0009
  step  1240  ep  7  loss=0.2891  veh_in_box=0.0027
  step  1260  ep  7  loss=0.3370  veh_in_box=0.0023
  step  1280  ep  7  loss=0.3590  veh_in_box=0.0028
  step  1300  ep  7  loss=0.3549  veh_in_box=0.0035
  step  1320  ep  7  loss=0.1298  veh_in_box=0.0015
[ep  8/20] train_loss=0.2652  val_loss=0.2719  val_veh_score=0.0026  elapsed=1.4 min
  step  1340  ep  8  loss=0.1784  veh_in_box=0.0015
  step  1360  ep  8  loss=0.3212  veh_in_box=0.0024
  step  1380  ep  8  loss=0.2817  veh_in_box=0.0020
  step  1400  ep  8  loss=0.3455  veh_in_box=0.0018
  step  1420  ep  8  loss=0.3512  veh_in_box=0.0044
  step  1440  ep  8  loss=0.2825  veh_in_box=0.0026
  step  1460  ep  8  loss=0.4518  veh_in_box=0.0045
  step  1480  ep  8  loss=0.1817  veh_in_box=0.0023
  step  1500  ep  9  loss=0.3753  veh_in_box=0.0033
  step  1520  ep  9  loss=0.3657  veh_in_box=0.0048
  step  1540  ep  9  loss=0.2973  veh_in_box=0.0031
  step  1560  ep  9  loss=0.1585  veh_in_box=0.0020
  step  1580  ep  9  loss=0.1756  veh_in_box=0.0015
  step  1600  ep  9  loss=0.1183  veh_in_box=0.0007
  step  1620  ep  9  loss=0.1172  veh_in_box=0.0016
  step  1640  ep  9  loss=0.1741  veh_in_box=0.0010
  step  1660  ep 10  loss=0.4161  veh_in_box=0.0021
  step  1680  ep 10  loss=0.1368  veh_in_box=0.0018
  step  1700  ep 10  loss=0.2332  veh_in_box=0.0019
  step  1720  ep 10  loss=0.3194  veh_in_box=0.0042
  step  1740  ep 10  loss=0.2374  veh_in_box=0.0035
  step  1760  ep 10  loss=0.3716  veh_in_box=0.0025
  step  1780  ep 10  loss=0.4008  veh_in_box=0.0016
  step  1800  ep 10  loss=0.2491  veh_in_box=0.0018
  step  1820  ep 10  loss=0.2571  veh_in_box=0.0020
  step  1840  ep 11  loss=0.2844  veh_in_box=0.0031
  step  1860  ep 11  loss=0.2092  veh_in_box=0.0020
  step  1880  ep 11  loss=0.2739  veh_in_box=0.0018
  step  1900  ep 11  loss=0.2892  veh_in_box=0.0027
  step  1920  ep 11  loss=0.2426  veh_in_box=0.0033
  step  1940  ep 11  loss=0.3616  veh_in_box=0.0011
  step  1960  ep 11  loss=0.4316  veh_in_box=0.0041
  step  1980  ep 11  loss=0.1848  veh_in_box=0.0012
[ep 12/20] train_loss=0.2559  val_loss=0.2658  val_veh_score=0.0025  elapsed=2.1 min
  step  2000  ep 12  loss=0.1779  veh_in_box=0.0021
  step  2020  ep 12  loss=0.2741  veh_in_box=0.0019
  step  2040  ep 12  loss=0.3852  veh_in_box=0.0028
  step  2060  ep 12  loss=0.3693  veh_in_box=0.0023
  step  2080  ep 12  loss=0.3599  veh_in_box=0.0029
  step  2100  ep 12  loss=0.1741  veh_in_box=0.0018
  step  2120  ep 12  loss=0.3418  veh_in_box=0.0028
  step  2140  ep 12  loss=0.2769  veh_in_box=0.0043
  step  2160  ep 13  loss=0.4002  veh_in_box=0.0026
  step  2180  ep 13  loss=0.3403  veh_in_box=0.0041
  step  2200  ep 13  loss=0.3850  veh_in_box=0.0046
  step  2220  ep 13  loss=0.3002  veh_in_box=0.0015
  step  2240  ep 13  loss=0.2541  veh_in_box=0.0023
  step  2260  ep 13  loss=0.1393  veh_in_box=0.0023
  step  2280  ep 13  loss=0.2224  veh_in_box=0.0022
  step  2300  ep 13  loss=0.2146  veh_in_box=0.0027
  step  2320  ep 13  loss=0.2585  veh_in_box=0.0019
  step  2340  ep 14  loss=0.3906  veh_in_box=0.0037
  step  2360  ep 14  loss=0.2251  veh_in_box=0.0023
  step  2380  ep 14  loss=0.2610  veh_in_box=0.0018
  step  2400  ep 14  loss=0.2538  veh_in_box=0.0019
  step  2420  ep 14  loss=0.3549  veh_in_box=0.0039
  step  2440  ep 14  loss=0.0876  veh_in_box=0.0012
  step  2460  ep 14  loss=0.1243  veh_in_box=0.0008
  step  2480  ep 14  loss=0.2894  veh_in_box=0.0013
  step  2500  ep 15  loss=0.2836  veh_in_box=0.0031
  step  2520  ep 15  loss=0.2533  veh_in_box=0.0015
  step  2540  ep 15  loss=0.3914  veh_in_box=0.0025
  step  2560  ep 15  loss=0.3387  veh_in_box=0.0035
  step  2580  ep 15  loss=0.1988  veh_in_box=0.0021
  step  2600  ep 15  loss=0.1953  veh_in_box=0.0018
  step  2620  ep 15  loss=0.2320  veh_in_box=0.0014
  step  2640  ep 15  loss=0.3417  veh_in_box=0.0019
[ep 16/20] train_loss=0.2550  val_loss=0.2632  val_veh_score=0.0025  elapsed=2.7 min
  step  2660  ep 16  loss=0.2721  veh_in_box=0.0033
  step  2680  ep 16  loss=0.3058  veh_in_box=0.0028
  step  2700  ep 16  loss=0.1001  veh_in_box=0.0008
  step  2720  ep 16  loss=0.1728  veh_in_box=0.0010
  step  2740  ep 16  loss=0.4121  veh_in_box=0.0050
  step  2760  ep 16  loss=0.2095  veh_in_box=0.0016
  step  2780  ep 16  loss=0.3110  veh_in_box=0.0019
  step  2800  ep 16  loss=0.3812  veh_in_box=0.0053
  step  2820  ep 16  loss=0.2907  veh_in_box=0.0016
  step  2840  ep 17  loss=0.3380  veh_in_box=0.0032
  step  2860  ep 17  loss=0.3009  veh_in_box=0.0031
  step  2880  ep 17  loss=0.3566  veh_in_box=0.0021
  step  2900  ep 17  loss=0.0922  veh_in_box=0.0008
  step  2920  ep 17  loss=0.2099  veh_in_box=0.0027
  step  2940  ep 17  loss=0.3788  veh_in_box=0.0056
  step  2960  ep 17  loss=0.2572  veh_in_box=0.0029
  step  2980  ep 17  loss=0.2227  veh_in_box=0.0021
  step  3000  ep 18  loss=0.2547  veh_in_box=0.0023
  step  3020  ep 18  loss=0.4181  veh_in_box=0.0029
  step  3040  ep 18  loss=0.1428  veh_in_box=0.0011
  step  3060  ep 18  loss=0.3617  veh_in_box=0.0026
  step  3080  ep 18  loss=0.3252  veh_in_box=0.0027
  step  3100  ep 18  loss=0.2013  veh_in_box=0.0025
  step  3120  ep 18  loss=0.4529  veh_in_box=0.0024
  step  3140  ep 18  loss=0.3197  veh_in_box=0.0022
  step  3160  ep 19  loss=0.2128  veh_in_box=0.0024
  step  3180  ep 19  loss=0.2887  veh_in_box=0.0017
  step  3200  ep 19  loss=0.1992  veh_in_box=0.0019
  step  3220  ep 19  loss=0.2486  veh_in_box=0.0023
  step  3240  ep 19  loss=0.2337  veh_in_box=0.0027
  step  3260  ep 19  loss=0.2584  veh_in_box=0.0017
  step  3280  ep 19  loss=0.1009  veh_in_box=0.0007
  step  3300  ep 19  loss=0.3555  veh_in_box=0.0022
[ep 20/20] train_loss=0.2519  val_loss=0.2623  val_veh_score=0.0025  elapsed=3.4 min

DONE. patch_final.pt -> experiments/yolo_attack/run01
