################################################################
# CHROMA-KEY CAPTURE — 2026-06-02 19:21:17
################################################################
  towns          : Town04
  weather        : ClearNoon CloudyNoon WetNoon MidRainyNoon
  sun_alts       : 70 55 40 25
  distances      : 6 10 14 18
  lateral_offs   : -1 0 1
  heading_offs   : -5 0 5
  npc_count      : 0  (radius 60 m)
  spawn_pool     : 6
  leader         : vehicle.carlamotors.carlacola
  follower       : vehicle.tesla.model3
  max_frames     : 99999
  shuffle        : 1
  continuous     : 1  (per-town: 200)
  sun_range      : 25 70
  dist_range     : 6 18
  heading_range  : -5 5
  seed           : 7026
  log            : data/chroma_key_dataset/run_capture_20260602_192117.log

Connecting to CARLA at localhost:2000 (timeout=180s) ...
Continuous sampling: 200 attempts across 1 towns (200/town)
Sampled : 200 frame(s) (shuffled)
   Town04                200
Out     : /home/vortex/adversarial-patch-vehicle/data/chroma_key_dataset/capture_20260602_192117


--- Loading Town04 ---
WARNING: Version mismatch detected: You are trying to connect to a simulator that might be incompatible with this API 
WARNING: Client API version     = 0.9.15 
WARNING: Simulator API version  = 0.9.15.2 
  warmup: 100 ticks
  [SKIP] 000001: no valid lane at shift=+1 from follower lane
  [..] 000002: spawn follower
  [..] 000002: spawn leader
  [..] 000002: spawn NPCs (count=0)
  [..] 000002: spawn camera
  [..] 000002: settle (no listener)
  [..] 000002: tick 10/50
  [..] 000002: tick 20/50
  [..] 000002: tick 30/50
  [..] 000002: tick 40/50
  [..] 000002: tick 50/50
  [..] 000002: cam.listen (skip 20 stale frames)
  [OK] 000002.png  (Town04, WetNoon, sun=53°, dist=16m, lat=-1.0, hdg=-5°, npcs=0)
  [..] 000002: finally start
  [..] 000002: drain tick
  [..] 000002: destroy cam
  [..] 000002: destroy 0 npcs
  [..] 000002: destroy leader
  [..] 000002: destroy follower
  [..] 000002: post-cleanup tick
  [..] 000002: finally end
  [..] 000003: spawn follower
  [..] 000003: spawn leader
  [..] 000003: spawn NPCs (count=0)
  [..] 000003: spawn camera
  [..] 000003: settle (no listener)
  [..] 000003: tick 10/50
  [..] 000003: tick 20/50
  [..] 000003: tick 30/50
  [..] 000003: tick 40/50
  [..] 000003: tick 50/50
  [..] 000003: cam.listen (skip 20 stale frames)
  [OK] 000003.png  (Town04, ClearNoon, sun=48°, dist=9m, lat=+1.0, hdg=-4°, npcs=0)
  [..] 000003: finally start
  [..] 000003: drain tick
  [..] 000003: destroy cam
  [..] 000003: destroy 0 npcs
  [..] 000003: destroy leader
  [..] 000003: destroy follower
  [..] 000003: post-cleanup tick
  [..] 000003: finally end
  [SKIP] 000004: no valid lane at shift=+1 from follower lane
  [SKIP] 000005: no valid lane at shift=-1 from follower lane
  [..] 000006: spawn follower
  [..] 000006: spawn leader
  [..] 000006: spawn NPCs (count=0)
  [..] 000006: spawn camera
  [..] 000006: settle (no listener)
  [..] 000006: tick 10/50
  [..] 000006: tick 20/50
  [..] 000006: tick 30/50
  [..] 000006: tick 40/50
  [..] 000006: tick 50/50
  [..] 000006: cam.listen (skip 20 stale frames)
  [OK] 000006.png  (Town04, CloudyNoon, sun=34°, dist=8m, lat=+0.0, hdg=-5°, npcs=0)
  [..] 000006: finally start
  [..] 000006: drain tick
  [..] 000006: destroy cam
  [..] 000006: destroy 0 npcs
  [..] 000006: destroy leader
  [..] 000006: destroy follower
  [..] 000006: post-cleanup tick
  [..] 000006: finally end
  [SKIP] 000007: no valid lane at shift=-1 from follower lane
  [SKIP] 000008: no valid lane at shift=+1 from follower lane
  [..] 000009: spawn follower
  [..] 000009: spawn leader
  [..] 000009: spawn NPCs (count=0)
  [..] 000009: spawn camera
  [..] 000009: settle (no listener)
  [..] 000009: tick 10/50
  [..] 000009: tick 20/50
  [..] 000009: tick 30/50
  [..] 000009: tick 40/50
  [..] 000009: tick 50/50
  [..] 000009: cam.listen (skip 20 stale frames)
  [OK] 000009.png  (Town04, ClearNoon, sun=45°, dist=11m, lat=-1.0, hdg=+5°, npcs=0)
  [..] 000009: finally start
  [..] 000009: drain tick
  [..] 000009: destroy cam
  [..] 000009: destroy 0 npcs
  [..] 000009: destroy leader
  [..] 000009: destroy follower
  [..] 000009: post-cleanup tick
  [..] 000009: finally end
  [..] 000010: spawn follower
  [..] 000010: spawn leader
  [..] 000010: spawn NPCs (count=0)
  [..] 000010: spawn camera
  [..] 000010: settle (no listener)
  [..] 000010: tick 10/50
  [..] 000010: tick 20/50
  [..] 000010: tick 30/50
  [..] 000010: tick 40/50
  [..] 000010: tick 50/50
  [..] 000010: cam.listen (skip 20 stale frames)
  [OK] 000010.png  (Town04, WetNoon, sun=54°, dist=6m, lat=-1.0, hdg=-3°, npcs=0)
  [..] 000010: finally start
  [..] 000010: drain tick
  [..] 000010: destroy cam
  [..] 000010: destroy 0 npcs
  [..] 000010: destroy leader
  [..] 000010: destroy follower
  [..] 000010: post-cleanup tick
  [..] 000010: finally end
  [..] 000011: spawn follower
  [..] 000011: spawn leader
  [..] 000011: spawn NPCs (count=0)
  [..] 000011: spawn camera
  [..] 000011: settle (no listener)
  [..] 000011: tick 10/50
  [..] 000011: tick 20/50
  [..] 000011: tick 30/50
  [..] 000011: tick 40/50
  [..] 000011: tick 50/50
  [..] 000011: cam.listen (skip 20 stale frames)
  [OK] 000011.png  (Town04, MidRainyNoon, sun=68°, dist=18m, lat=+1.0, hdg=-3°, npcs=0)
  [..] 000011: finally start
  [..] 000011: drain tick
  [..] 000011: destroy cam
  [..] 000011: destroy 0 npcs
  [..] 000011: destroy leader
  [..] 000011: destroy follower
  [..] 000011: post-cleanup tick
  [..] 000011: finally end
  [..] 000012: spawn follower
  [..] 000012: spawn leader
  [..] 000012: spawn NPCs (count=0)
  [..] 000012: spawn camera
  [..] 000012: settle (no listener)
  [..] 000012: tick 10/50
  [..] 000012: tick 20/50
  [..] 000012: tick 30/50
  [..] 000012: tick 40/50
  [..] 000012: tick 50/50
  [..] 000012: cam.listen (skip 20 stale frames)
  [OK] 000012.png  (Town04, MidRainyNoon, sun=27°, dist=10m, lat=-1.0, hdg=+1°, npcs=0)
  [..] 000012: finally start
  [..] 000012: drain tick
  [..] 000012: destroy cam
  [..] 000012: destroy 0 npcs
  [..] 000012: destroy leader
  [..] 000012: destroy follower
  [..] 000012: post-cleanup tick
  [..] 000012: finally end
  [SKIP] 000013: no valid lane at shift=-1 from follower lane
  [SKIP] 000014: no valid lane at shift=+1 from follower lane
  [SKIP] 000015: no valid lane at shift=+1 from follower lane
  [..] 000016: spawn follower
  [..] 000016: spawn leader
  [..] 000016: spawn NPCs (count=0)
  [..] 000016: spawn camera
  [..] 000016: settle (no listener)
  [..] 000016: tick 10/50
  [..] 000016: tick 20/50
  [..] 000016: tick 30/50
  [..] 000016: tick 40/50
  [..] 000016: tick 50/50
  [..] 000016: cam.listen (skip 20 stale frames)
  [OK] 000016.png  (Town04, MidRainyNoon, sun=57°, dist=17m, lat=+0.0, hdg=+5°, npcs=0)
  [..] 000016: finally start
  [..] 000016: drain tick
  [..] 000016: destroy cam
  [..] 000016: destroy 0 npcs
  [..] 000016: destroy leader
  [..] 000016: destroy follower
  [..] 000016: post-cleanup tick
  [..] 000016: finally end
  [..] 000017: spawn follower
  [..] 000017: spawn leader
  [..] 000017: spawn NPCs (count=0)
  [..] 000017: spawn camera
  [..] 000017: settle (no listener)
  [..] 000017: tick 10/50
  [..] 000017: tick 20/50
  [..] 000017: tick 30/50
  [..] 000017: tick 40/50
  [..] 000017: tick 50/50
  [..] 000017: cam.listen (skip 20 stale frames)
  [OK] 000017.png  (Town04, WetNoon, sun=31°, dist=10m, lat=-1.0, hdg=-0°, npcs=0)
  [..] 000017: finally start
  [..] 000017: drain tick
  [..] 000017: destroy cam
  [..] 000017: destroy 0 npcs
  [..] 000017: destroy leader
  [..] 000017: destroy follower
  [..] 000017: post-cleanup tick
  [..] 000017: finally end
  [..] 000018: spawn follower
  [..] 000018: spawn leader
  [..] 000018: spawn NPCs (count=0)
  [..] 000018: spawn camera
  [..] 000018: settle (no listener)
  [..] 000018: tick 10/50
  [..] 000018: tick 20/50
  [..] 000018: tick 30/50
  [..] 000018: tick 40/50
  [..] 000018: tick 50/50
  [..] 000018: cam.listen (skip 20 stale frames)
  [OK] 000018.png  (Town04, CloudyNoon, sun=33°, dist=8m, lat=-1.0, hdg=+1°, npcs=0)
  [..] 000018: finally start
  [..] 000018: drain tick
  [..] 000018: destroy cam
  [..] 000018: destroy 0 npcs
  [..] 000018: destroy leader
  [..] 000018: destroy follower
  [..] 000018: post-cleanup tick
  [..] 000018: finally end
  [..] 000019: spawn follower
  [..] 000019: spawn leader
  [..] 000019: spawn NPCs (count=0)
  [..] 000019: spawn camera
  [..] 000019: settle (no listener)
  [..] 000019: tick 10/50
  [..] 000019: tick 20/50
  [..] 000019: tick 30/50
  [..] 000019: tick 40/50
  [..] 000019: tick 50/50
  [..] 000019: cam.listen (skip 20 stale frames)
  [OK] 000019.png  (Town04, ClearNoon, sun=35°, dist=7m, lat=+0.0, hdg=-5°, npcs=0)
  [..] 000019: finally start
  [..] 000019: drain tick
  [..] 000019: destroy cam
  [..] 000019: destroy 0 npcs
  [..] 000019: destroy leader
  [..] 000019: destroy follower
  [..] 000019: post-cleanup tick
  [..] 000019: finally end
  [SKIP] 000020: no valid lane at shift=+1 from follower lane
  [..] 000021: spawn follower
  [..] 000021: spawn leader
  [..] 000021: spawn NPCs (count=0)
  [..] 000021: spawn camera
  [..] 000021: settle (no listener)
  [..] 000021: tick 10/50
  [..] 000021: tick 20/50
  [..] 000021: tick 30/50
  [..] 000021: tick 40/50
  [..] 000021: tick 50/50
  [..] 000021: cam.listen (skip 20 stale frames)
  [OK] 000021.png  (Town04, MidRainyNoon, sun=46°, dist=8m, lat=+1.0, hdg=+2°, npcs=0)
  [..] 000021: finally start
  [..] 000021: drain tick
  [..] 000021: destroy cam
  [..] 000021: destroy 0 npcs
  [..] 000021: destroy leader
  [..] 000021: destroy follower
  [..] 000021: post-cleanup tick
  [..] 000021: finally end
  [SKIP] 000022: no valid lane at shift=-1 from follower lane
  [..] 000023: spawn follower
  [..] 000023: spawn leader
  [..] 000023: spawn NPCs (count=0)
  [..] 000023: spawn camera
  [..] 000023: settle (no listener)
  [..] 000023: tick 10/50
  [..] 000023: tick 20/50
  [..] 000023: tick 30/50
  [..] 000023: tick 40/50
  [..] 000023: tick 50/50
  [..] 000023: cam.listen (skip 20 stale frames)
  [OK] 000023.png  (Town04, CloudyNoon, sun=33°, dist=8m, lat=+1.0, hdg=-3°, npcs=0)
  [..] 000023: finally start
  [..] 000023: drain tick
  [..] 000023: destroy cam
  [..] 000023: destroy 0 npcs
  [..] 000023: destroy leader
  [..] 000023: destroy follower
  [..] 000023: post-cleanup tick
  [..] 000023: finally end
  [..] 000024: spawn follower
  [..] 000024: spawn leader
  [..] 000024: spawn NPCs (count=0)
  [..] 000024: spawn camera
  [..] 000024: settle (no listener)
  [..] 000024: tick 10/50
  [..] 000024: tick 20/50
  [..] 000024: tick 30/50
  [..] 000024: tick 40/50
  [..] 000024: tick 50/50
  [..] 000024: cam.listen (skip 20 stale frames)
  [OK] 000024.png  (Town04, WetNoon, sun=44°, dist=10m, lat=+0.0, hdg=+2°, npcs=0)
  [..] 000024: finally start
  [..] 000024: drain tick
  [..] 000024: destroy cam
  [..] 000024: destroy 0 npcs
  [..] 000024: destroy leader
  [..] 000024: destroy follower
  [..] 000024: post-cleanup tick
  [..] 000024: finally end
  [..] 000025: spawn follower
  [..] 000025: spawn leader
  [..] 000025: spawn NPCs (count=0)
  [..] 000025: spawn camera
  [..] 000025: settle (no listener)
  [..] 000025: tick 10/50
  [..] 000025: tick 20/50
  [..] 000025: tick 30/50
  [..] 000025: tick 40/50
  [..] 000025: tick 50/50
  [..] 000025: cam.listen (skip 20 stale frames)
  [OK] 000025.png  (Town04, CloudyNoon, sun=42°, dist=10m, lat=+1.0, hdg=-2°, npcs=0)
  [..] 000025: finally start
  [..] 000025: drain tick
  [..] 000025: destroy cam
  [..] 000025: destroy 0 npcs
  [..] 000025: destroy leader
  [..] 000025: destroy follower
  [..] 000025: post-cleanup tick
  [..] 000025: finally end
  [SKIP] 000026: no valid lane at shift=+1 from follower lane
  [SKIP] 000027: no valid lane at shift=-1 from follower lane
  [SKIP] 000028: no valid lane at shift=+1 from follower lane
  [..] 000029: spawn follower
  [..] 000029: spawn leader
  [..] 000029: spawn NPCs (count=0)
  [..] 000029: spawn camera
  [..] 000029: settle (no listener)
  [..] 000029: tick 10/50
  [..] 000029: tick 20/50
  [..] 000029: tick 30/50
  [..] 000029: tick 40/50
  [..] 000029: tick 50/50
  [..] 000029: cam.listen (skip 20 stale frames)
  [OK] 000029.png  (Town04, WetNoon, sun=64°, dist=9m, lat=+0.0, hdg=+3°, npcs=0)
  [..] 000029: finally start
  [..] 000029: drain tick
  [..] 000029: destroy cam
  [..] 000029: destroy 0 npcs
  [..] 000029: destroy leader
  [..] 000029: destroy follower
  [..] 000029: post-cleanup tick
  [..] 000029: finally end
  [..] 000030: spawn follower
  [..] 000030: spawn leader
  [..] 000030: spawn NPCs (count=0)
  [..] 000030: spawn camera
  [..] 000030: settle (no listener)
  [..] 000030: tick 10/50
  [..] 000030: tick 20/50
  [..] 000030: tick 30/50
  [..] 000030: tick 40/50
  [..] 000030: tick 50/50
  [..] 000030: cam.listen (skip 20 stale frames)
  [OK] 000030.png  (Town04, MidRainyNoon, sun=65°, dist=8m, lat=+0.0, hdg=+2°, npcs=0)
  [..] 000030: finally start
  [..] 000030: drain tick
  [..] 000030: destroy cam
  [..] 000030: destroy 0 npcs
  [..] 000030: destroy leader
  [..] 000030: destroy follower
  [..] 000030: post-cleanup tick
  [..] 000030: finally end
  [..] 000031: spawn follower
  [..] 000031: spawn leader
  [..] 000031: spawn NPCs (count=0)
  [..] 000031: spawn camera
  [..] 000031: settle (no listener)
  [..] 000031: tick 10/50
  [..] 000031: tick 20/50
  [..] 000031: tick 30/50
  [..] 000031: tick 40/50
  [..] 000031: tick 50/50
  [..] 000031: cam.listen (skip 20 stale frames)
  [OK] 000031.png  (Town04, WetNoon, sun=25°, dist=11m, lat=+0.0, hdg=-3°, npcs=0)
  [..] 000031: finally start
  [..] 000031: drain tick
  [..] 000031: destroy cam
  [..] 000031: destroy 0 npcs
  [..] 000031: destroy leader
  [..] 000031: destroy follower
  [..] 000031: post-cleanup tick
  [..] 000031: finally end
  [SKIP] 000032: no valid lane at shift=+1 from follower lane
  [..] 000033: spawn follower
  [..] 000033: spawn leader
  [..] 000033: spawn NPCs (count=0)
  [..] 000033: spawn camera
  [..] 000033: settle (no listener)
  [..] 000033: tick 10/50
  [..] 000033: tick 20/50
  [..] 000033: tick 30/50
  [..] 000033: tick 40/50
  [..] 000033: tick 50/50
  [..] 000033: cam.listen (skip 20 stale frames)
  [OK] 000033.png  (Town04, CloudyNoon, sun=63°, dist=17m, lat=-1.0, hdg=+1°, npcs=0)
  [..] 000033: finally start
  [..] 000033: drain tick
  [..] 000033: destroy cam
  [..] 000033: destroy 0 npcs
  [..] 000033: destroy leader
  [..] 000033: destroy follower
  [..] 000033: post-cleanup tick
  [..] 000033: finally end
  [..] 000034: spawn follower
  [..] 000034: spawn leader
  [..] 000034: spawn NPCs (count=0)
  [..] 000034: spawn camera
  [..] 000034: settle (no listener)
  [..] 000034: tick 10/50
  [..] 000034: tick 20/50
