################################################################
# CHROMA-KEY CAPTURE — 2026-06-02 19:18:10
################################################################
  towns          : Town01
  weather        : ClearNoon CloudyNoon WetNoon MidRainyNoon
  sun_alts       : 70 55 40 25
  distances      : 6 10 14 18
  lateral_offs   : -1 0 1
  heading_offs   : -5 0 5
  npc_count      : 0  (radius 60 m)
  spawn_pool     : 6
  leader         : vehicle.carlamotors.carlacola
  follower       : vehicle.tesla.model3
  max_frames     : 99999
  shuffle        : 1
  continuous     : 1  (per-town: 200)
  sun_range      : 25 70
  dist_range     : 6 18
  heading_range  : -5 5
  seed           : 18738
  log            : data/chroma_key_dataset/run_capture_20260602_191810.log

Connecting to CARLA at localhost:2000 (timeout=180s) ...
Continuous sampling: 200 attempts across 1 towns (200/town)
Sampled : 200 frame(s) (shuffled)
   Town01                200
Out     : /home/vortex/adversarial-patch-vehicle/data/chroma_key_dataset/capture_20260602_191810


--- Loading Town01 ---
WARNING: Version mismatch detected: You are trying to connect to a simulator that might be incompatible with this API 
WARNING: Client API version     = 0.9.15 
WARNING: Simulator API version  = 0.9.15.2 
  warmup: 100 ticks
  [SKIP] 000001: no valid lane at shift=+1 from follower lane
  [SKIP] 000002: no valid lane at shift=+1 from follower lane
  [SKIP] 000003: no valid lane at shift=+1 from follower lane
  [..] 000004: spawn follower
  [..] 000004: spawn leader
  [..] 000004: spawn NPCs (count=0)
  [..] 000004: spawn camera
  [..] 000004: settle (no listener)
  [..] 000004: tick 10/50
  [..] 000004: tick 20/50
  [..] 000004: tick 30/50
  [..] 000004: tick 40/50
  [..] 000004: tick 50/50
  [..] 000004: cam.listen (skip 20 stale frames)
  [OK] 000004.png  (Town01, ClearNoon, sun=51°, dist=9m, lat=+0.0, hdg=+0°, npcs=0)
  [..] 000004: finally start
  [..] 000004: drain tick
  [..] 000004: destroy cam
  [..] 000004: destroy 0 npcs
  [..] 000004: destroy leader
  [..] 000004: destroy follower
  [..] 000004: post-cleanup tick
  [..] 000004: finally end
  [SKIP] 000005: no valid lane at shift=+1 from follower lane
  [SKIP] 000006: no valid lane at shift=+1 from follower lane
  [SKIP] 000007: no valid lane at shift=+1 from follower lane
  [SKIP] 000008: no valid lane at shift=-1 from follower lane
  [SKIP] 000009: no valid lane at shift=-1 from follower lane
  [SKIP] 000010: no valid lane at shift=+1 from follower lane
  [SKIP] 000011: no valid lane at shift=+1 from follower lane
  [SKIP] 000012: no valid lane at shift=+1 from follower lane
  [SKIP] 000013: no valid lane at shift=-1 from follower lane
  [..] 000014: spawn follower
  [..] 000014: spawn leader
  [..] 000014: spawn NPCs (count=0)
  [..] 000014: spawn camera
  [..] 000014: settle (no listener)
  [..] 000014: tick 10/50
  [..] 000014: tick 20/50
  [..] 000014: tick 30/50
  [..] 000014: tick 40/50
  [..] 000014: tick 50/50
  [..] 000014: cam.listen (skip 20 stale frames)
  [OK] 000014.png  (Town01, MidRainyNoon, sun=64°, dist=12m, lat=+0.0, hdg=+3°, npcs=0)
  [..] 000014: finally start
  [..] 000014: drain tick
  [..] 000014: destroy cam
  [..] 000014: destroy 0 npcs
  [..] 000014: destroy leader
  [..] 000014: destroy follower
  [..] 000014: post-cleanup tick
  [..] 000014: finally end
  [..] 000015: spawn follower
  [..] 000015: spawn leader
  [..] 000015: spawn NPCs (count=0)
  [..] 000015: spawn camera
  [..] 000015: settle (no listener)
  [..] 000015: tick 10/50
  [..] 000015: tick 20/50
  [..] 000015: tick 30/50
  [..] 000015: tick 40/50
  [..] 000015: tick 50/50
  [..] 000015: cam.listen (skip 20 stale frames)
  [OK] 000015.png  (Town01, MidRainyNoon, sun=58°, dist=16m, lat=+0.0, hdg=-5°, npcs=0)
  [..] 000015: finally start
  [..] 000015: drain tick
  [..] 000015: destroy cam
  [..] 000015: destroy 0 npcs
  [..] 000015: destroy leader
  [..] 000015: destroy follower
  [..] 000015: post-cleanup tick
  [..] 000015: finally end
  [..] 000016: spawn follower
  [..] 000016: spawn leader
  [..] 000016: spawn NPCs (count=0)
  [..] 000016: spawn camera
  [..] 000016: settle (no listener)
  [..] 000016: tick 10/50
  [..] 000016: tick 20/50
  [..] 000016: tick 30/50
  [..] 000016: tick 40/50
  [..] 000016: tick 50/50
  [..] 000016: cam.listen (skip 20 stale frames)
  [OK] 000016.png  (Town01, MidRainyNoon, sun=36°, dist=9m, lat=+0.0, hdg=-5°, npcs=0)
  [..] 000016: finally start
  [..] 000016: drain tick
  [..] 000016: destroy cam
  [..] 000016: destroy 0 npcs
  [..] 000016: destroy leader
  [..] 000016: destroy follower
  [..] 000016: post-cleanup tick
  [..] 000016: finally end
  [SKIP] 000017: no valid lane at shift=+1 from follower lane
  [SKIP] 000018: no valid lane at shift=-1 from follower lane
  [SKIP] 000019: no valid lane at shift=+1 from follower lane
  [SKIP] 000020: no valid lane at shift=-1 from follower lane
  [..] 000021: spawn follower
  [..] 000021: spawn leader
  [..] 000021: spawn NPCs (count=0)
  [..] 000021: spawn camera
  [..] 000021: settle (no listener)
  [..] 000021: tick 10/50
  [..] 000021: tick 20/50
  [..] 000021: tick 30/50
  [..] 000021: tick 40/50
  [..] 000021: tick 50/50
  [..] 000021: cam.listen (skip 20 stale frames)
  [OK] 000021.png  (Town01, MidRainyNoon, sun=40°, dist=6m, lat=+0.0, hdg=-0°, npcs=0)
  [..] 000021: finally start
  [..] 000021: drain tick
  [..] 000021: destroy cam
  [..] 000021: destroy 0 npcs
  [..] 000021: destroy leader
  [..] 000021: destroy follower
  [..] 000021: post-cleanup tick
  [..] 000021: finally end
  [..] 000022: spawn follower
  [..] 000022: spawn leader
  [..] 000022: spawn NPCs (count=0)
  [..] 000022: spawn camera
  [..] 000022: settle (no listener)
  [..] 000022: tick 10/50
  [..] 000022: tick 20/50
  [..] 000022: tick 30/50
  [..] 000022: tick 40/50
  [..] 000022: tick 50/50
  [..] 000022: cam.listen (skip 20 stale frames)
  [OK] 000022.png  (Town01, CloudyNoon, sun=64°, dist=9m, lat=+0.0, hdg=+4°, npcs=0)
  [..] 000022: finally start
  [..] 000022: drain tick
  [..] 000022: destroy cam
  [..] 000022: destroy 0 npcs
  [..] 000022: destroy leader
  [..] 000022: destroy follower
  [..] 000022: post-cleanup tick
  [..] 000022: finally end
  [SKIP] 000023: no valid lane at shift=+1 from follower lane
  [SKIP] 000024: no valid lane at shift=+1 from follower lane
  [SKIP] 000025: no valid lane at shift=-1 from follower lane
  [SKIP] 000026: no valid lane at shift=+1 from follower lane
  [..] 000027: spawn follower
  [..] 000027: spawn leader
  [..] 000027: spawn NPCs (count=0)
  [..] 000027: spawn camera
  [..] 000027: settle (no listener)
  [..] 000027: tick 10/50
  [..] 000027: tick 20/50
  [..] 000027: tick 30/50
  [..] 000027: tick 40/50
  [..] 000027: tick 50/50
  [..] 000027: cam.listen (skip 20 stale frames)
  [OK] 000027.png  (Town01, WetNoon, sun=42°, dist=12m, lat=+0.0, hdg=-1°, npcs=0)
  [..] 000027: finally start
  [..] 000027: drain tick
  [..] 000027: destroy cam
  [..] 000027: destroy 0 npcs
  [..] 000027: destroy leader
  [..] 000027: destroy follower
  [..] 000027: post-cleanup tick
  [..] 000027: finally end
  [..] 000028: spawn follower
  [..] 000028: spawn leader
  [..] 000028: spawn NPCs (count=0)
  [..] 000028: spawn camera
  [..] 000028: settle (no listener)
  [..] 000028: tick 10/50
  [..] 000028: tick 20/50
  [..] 000028: tick 30/50
  [..] 000028: tick 40/50
  [..] 000028: tick 50/50
  [..] 000028: cam.listen (skip 20 stale frames)
  [OK] 000028.png  (Town01, ClearNoon, sun=63°, dist=12m, lat=+0.0, hdg=+1°, npcs=0)
  [..] 000028: finally start
  [..] 000028: drain tick
  [..] 000028: destroy cam
  [..] 000028: destroy 0 npcs
  [..] 000028: destroy leader
  [..] 000028: destroy follower
  [..] 000028: post-cleanup tick
  [..] 000028: finally end
  [SKIP] 000029: no valid lane at shift=+1 from follower lane
  [..] 000030: spawn follower
  [..] 000030: spawn leader
  [..] 000030: spawn NPCs (count=0)
  [..] 000030: spawn camera
  [..] 000030: settle (no listener)
  [..] 000030: tick 10/50
  [..] 000030: tick 20/50
  [..] 000030: tick 30/50
  [..] 000030: tick 40/50
  [..] 000030: tick 50/50
  [..] 000030: cam.listen (skip 20 stale frames)
  [OK] 000030.png  (Town01, MidRainyNoon, sun=33°, dist=11m, lat=+0.0, hdg=-2°, npcs=0)
  [..] 000030: finally start
  [..] 000030: drain tick
  [..] 000030: destroy cam
  [..] 000030: destroy 0 npcs
  [..] 000030: destroy leader
  [..] 000030: destroy follower
  [..] 000030: post-cleanup tick
  [..] 000030: finally end
  [..] 000031: spawn follower
  [..] 000031: spawn leader
  [..] 000031: spawn NPCs (count=0)
  [..] 000031: spawn camera
  [..] 000031: settle (no listener)
  [..] 000031: tick 10/50
  [..] 000031: tick 20/50
  [..] 000031: tick 30/50
  [..] 000031: tick 40/50
  [..] 000031: tick 50/50
  [..] 000031: cam.listen (skip 20 stale frames)
  [OK] 000031.png  (Town01, MidRainyNoon, sun=54°, dist=16m, lat=+0.0, hdg=+5°, npcs=0)
  [..] 000031: finally start
  [..] 000031: drain tick
  [..] 000031: destroy cam
  [..] 000031: destroy 0 npcs
  [..] 000031: destroy leader
  [..] 000031: destroy follower
  [..] 000031: post-cleanup tick
  [..] 000031: finally end
  [SKIP] 000032: no valid lane at shift=-1 from follower lane
  [SKIP] 000033: no valid lane at shift=-1 from follower lane
  [SKIP] 000034: no valid lane at shift=-1 from follower lane
  [SKIP] 000035: no valid lane at shift=+1 from follower lane
  [SKIP] 000036: no valid lane at shift=-1 from follower lane
  [SKIP] 000037: no valid lane at shift=+1 from follower lane
  [SKIP] 000038: no valid lane at shift=-1 from follower lane
  [SKIP] 000039: no valid lane at shift=-1 from follower lane
  [..] 000040: spawn follower
  [..] 000040: spawn leader
  [..] 000040: spawn NPCs (count=0)
  [..] 000040: spawn camera
  [..] 000040: settle (no listener)
  [..] 000040: tick 10/50
  [..] 000040: tick 20/50
  [..] 000040: tick 30/50
  [..] 000040: tick 40/50
  [..] 000040: tick 50/50
  [..] 000040: cam.listen (skip 20 stale frames)
  [OK] 000040.png  (Town01, CloudyNoon, sun=32°, dist=8m, lat=+0.0, hdg=+3°, npcs=0)
  [..] 000040: finally start
  [..] 000040: drain tick
  [..] 000040: destroy cam
  [..] 000040: destroy 0 npcs
  [..] 000040: destroy leader
  [..] 000040: destroy follower
  [..] 000040: post-cleanup tick
  [..] 000040: finally end
  [..] 000041: spawn follower
  [..] 000041: spawn leader
  [..] 000041: spawn NPCs (count=0)
  [..] 000041: spawn camera
  [..] 000041: settle (no listener)
  [..] 000041: tick 10/50
  [..] 000041: tick 20/50
  [..] 000041: tick 30/50
  [..] 000041: tick 40/50
  [..] 000041: tick 50/50
  [..] 000041: cam.listen (skip 20 stale frames)
  [OK] 000041.png  (Town01, CloudyNoon, sun=55°, dist=8m, lat=+0.0, hdg=-1°, npcs=0)
  [..] 000041: finally start
  [..] 000041: drain tick
  [..] 000041: destroy cam
  [..] 000041: destroy 0 npcs
  [..] 000041: destroy leader
  [..] 000041: destroy follower
  [..] 000041: post-cleanup tick
  [..] 000041: finally end
  [..] 000042: spawn follower
  [..] 000042: spawn leader
  [..] 000042: spawn NPCs (count=0)
  [..] 000042: spawn camera
  [..] 000042: settle (no listener)
  [..] 000042: tick 10/50
  [..] 000042: tick 20/50
  [..] 000042: tick 30/50
  [..] 000042: tick 40/50
  [..] 000042: tick 50/50
  [..] 000042: cam.listen (skip 20 stale frames)
  [OK] 000042.png  (Town01, MidRainyNoon, sun=57°, dist=7m, lat=+0.0, hdg=-4°, npcs=0)
  [..] 000042: finally start
  [..] 000042: drain tick
  [..] 000042: destroy cam
  [..] 000042: destroy 0 npcs
  [..] 000042: destroy leader
  [..] 000042: destroy follower
  [..] 000042: post-cleanup tick
  [..] 000042: finally end
  [..] 000043: spawn follower
  [..] 000043: spawn leader
  [..] 000043: spawn NPCs (count=0)
  [..] 000043: spawn camera
  [..] 000043: settle (no listener)
  [..] 000043: tick 10/50
  [..] 000043: tick 20/50
  [..] 000043: tick 30/50
  [..] 000043: tick 40/50
  [..] 000043: tick 50/50
  [..] 000043: cam.listen (skip 20 stale frames)
  [OK] 000043.png  (Town01, WetNoon, sun=64°, dist=15m, lat=+0.0, hdg=+3°, npcs=0)
  [..] 000043: finally start
  [..] 000043: drain tick
  [..] 000043: destroy cam
  [..] 000043: destroy 0 npcs
  [..] 000043: destroy leader
  [..] 000043: destroy follower
  [..] 000043: post-cleanup tick
  [..] 000043: finally end
  [SKIP] 000044: no valid lane at shift=+1 from follower lane
  [SKIP] 000045: no valid lane at shift=+1 from follower lane
  [SKIP] 000046: no valid lane at shift=-1 from follower lane
  [..] 000047: spawn follower
  [..] 000047: spawn leader
  [..] 000047: spawn NPCs (count=0)
  [..] 000047: spawn camera
  [..] 000047: settle (no listener)
  [..] 000047: tick 10/50
  [..] 000047: tick 20/50
  [..] 000047: tick 30/50
  [..] 000047: tick 40/50
  [..] 000047: tick 50/50
  [..] 000047: cam.listen (skip 20 stale frames)
  [OK] 000047.png  (Town01, MidRainyNoon, sun=57°, dist=14m, lat=+0.0, hdg=+1°, npcs=0)
  [..] 000047: finally start
  [..] 000047: drain tick
  [..] 000047: destroy cam
  [..] 000047: destroy 0 npcs
  [..] 000047: destroy leader
  [..] 000047: destroy follower
  [..] 000047: post-cleanup tick
  [..] 000047: finally end
  [..] 000048: spawn follower
  [..] 000048: spawn leader
  [..] 000048: spawn NPCs (count=0)
  [..] 000048: spawn camera
  [..] 000048: settle (no listener)
  [..] 000048: tick 10/50
  [..] 000048: tick 20/50
  [..] 000048: tick 30/50
  [..] 000048: tick 40/50
  [..] 000048: tick 50/50
  [..] 000048: cam.listen (skip 20 stale frames)
  [OK] 000048.png  (Town01, MidRainyNoon, sun=58°, dist=15m, lat=+0.0, hdg=+2°, npcs=0)
  [..] 000048: finally start
  [..] 000048: drain tick
  [..] 000048: destroy cam
  [..] 000048: destroy 0 npcs
  [..] 000048: destroy leader
  [..] 000048: destroy follower
  [..] 000048: post-cleanup tick
  [..] 000048: finally end
  [SKIP] 000049: no valid lane at shift=+1 from follower lane
  [..] 000050: spawn follower
  [..] 000050: spawn leader
  [..] 000050: spawn NPCs (count=0)
  [..] 000050: spawn camera
  [..] 000050: settle (no listener)
  [..] 000050: tick 10/50
  [..] 000050: tick 20/50
  [..] 000050: tick 30/50
  [..] 000050: tick 40/50
  [..] 000050: tick 50/50
  [..] 000050: cam.listen (skip 20 stale frames)
  [OK] 000050.png  (Town01, ClearNoon, sun=62°, dist=9m, lat=+0.0, hdg=-4°, npcs=0)
  [..] 000050: finally start
  [..] 000050: drain tick
  [..] 000050: destroy cam
  [..] 000050: destroy 0 npcs
  [..] 000050: destroy leader
  [..] 000050: destroy follower
  [..] 000050: post-cleanup tick
  [..] 000050: finally end
  [SKIP] 000051: no valid lane at shift=-1 from follower lane
  [SKIP] 000052: no valid lane at shift=-1 from follower lane
  [..] 000053: spawn follower
  [..] 000053: spawn leader
  [..] 000053: spawn NPCs (count=0)
  [..] 000053: spawn camera
  [..] 000053: settle (no listener)
  [..] 000053: tick 10/50
  [..] 000053: tick 20/50
  [..] 000053: tick 30/50
  [..] 000053: tick 40/50
  [..] 000053: tick 50/50
  [..] 000053: cam.listen (skip 20 stale frames)
  [OK] 000053.png  (Town01, CloudyNoon, sun=45°, dist=17m, lat=+0.0, hdg=+0°, npcs=0)
  [..] 000053: finally start
  [..] 000053: drain tick
  [..] 000053: destroy cam
  [..] 000053: destroy 0 npcs
  [..] 000053: destroy leader
  [..] 000053: destroy follower
  [..] 000053: post-cleanup tick
  [..] 000053: finally end
  [..] 000054: spawn follower
  [..] 000054: spawn leader
  [..] 000054: spawn NPCs (count=0)
  [..] 000054: spawn camera
  [..] 000054: settle (no listener)
  [..] 000054: tick 10/50
  [..] 000054: tick 20/50
  [..] 000054: tick 30/50
  [..] 000054: tick 40/50
  [..] 000054: tick 50/50
  [..] 000054: cam.listen (skip 20 stale frames)
  [OK] 000054.png  (Town01, ClearNoon, sun=31°, dist=6m, lat=+0.0, hdg=+3°, npcs=0)
  [..] 000054: finally start
  [..] 000054: drain tick
  [..] 000054: destroy cam
  [..] 000054: destroy 0 npcs
  [..] 000054: destroy leader
  [..] 000054: destroy follower
  [..] 000054: post-cleanup tick
  [..] 000054: finally end
  [SKIP] 000055: no valid lane at shift=+1 from follower lane
  [..] 000056: spawn follower
  [..] 000056: spawn leader
  [..] 000056: spawn NPCs (count=0)
  [..] 000056: spawn camera
  [..] 000056: settle (no listener)
  [..] 000056: tick 10/50
  [..] 000056: tick 20/50
  [..] 000056: tick 30/50
  [..] 000056: tick 40/50
  [..] 000056: tick 50/50
  [..] 000056: cam.listen (skip 20 stale frames)
  [OK] 000056.png  (Town01, MidRainyNoon, sun=46°, dist=9m, lat=+0.0, hdg=+5°, npcs=0)
  [..] 000056: finally start
  [..] 000056: drain tick
  [..] 000056: destroy cam
  [..] 000056: destroy 0 npcs
  [..] 000056: destroy leader
  [..] 000056: destroy follower
  [..] 000056: post-cleanup tick
  [..] 000056: finally end
  [SKIP] 000057: no valid lane at shift=+1 from follower lane
  [SKIP] 000058: no valid lane at shift=+1 from follower lane
  [SKIP] 000059: no valid lane at shift=-1 from follower lane
  [..] 000060: spawn follower
  [..] 000060: spawn leader
  [..] 000060: spawn NPCs (count=0)
  [..] 000060: spawn camera
  [..] 000060: settle (no listener)
  [..] 000060: tick 10/50
  [..] 000060: tick 20/50
  [..] 000060: tick 30/50
  [..] 000060: tick 40/50
  [..] 000060: tick 50/50
  [..] 000060: cam.listen (skip 20 stale frames)
  [OK] 000060.png  (Town01, CloudyNoon, sun=32°, dist=15m, lat=+0.0, hdg=+2°, npcs=0)
  [..] 000060: finally start
  [..] 000060: drain tick
  [..] 000060: destroy cam
  [..] 000060: destroy 0 npcs
  [..] 000060: destroy leader
  [..] 000060: destroy follower
  [..] 000060: post-cleanup tick
  [..] 000060: finally end
  [..] 000061: spawn follower
  [..] 000061: spawn leader
  [..] 000061: spawn NPCs (count=0)
  [..] 000061: spawn camera
  [..] 000061: settle (no listener)
  [..] 000061: tick 10/50
  [..] 000061: tick 20/50
  [..] 000061: tick 30/50
  [..] 000061: tick 40/50
  [..] 000061: tick 50/50
  [..] 000061: cam.listen (skip 20 stale frames)
  [OK] 000061.png  (Town01, CloudyNoon, sun=33°, dist=17m, lat=+0.0, hdg=-2°, npcs=0)
  [..] 000061: finally start
  [..] 000061: drain tick
  [..] 000061: destroy cam
  [..] 000061: destroy 0 npcs
  [..] 000061: destroy leader
  [..] 000061: destroy follower
  [..] 000061: post-cleanup tick
  [..] 000061: finally end
  [SKIP] 000062: no valid lane at shift=-1 from follower lane
  [SKIP] 000063: no valid lane at shift=-1 from follower lane
  [..] 000064: spawn follower
  [..] 000064: spawn leader
  [..] 000064: spawn NPCs (count=0)
  [..] 000064: spawn camera
  [..] 000064: settle (no listener)
  [..] 000064: tick 10/50
  [..] 000064: tick 20/50
  [..] 000064: tick 30/50
  [..] 000064: tick 40/50
  [..] 000064: tick 50/50
  [..] 000064: cam.listen (skip 20 stale frames)
  [OK] 000064.png  (Town01, ClearNoon, sun=36°, dist=12m, lat=+0.0, hdg=-3°, npcs=0)
  [..] 000064: finally start
  [..] 000064: drain tick
  [..] 000064: destroy cam
  [..] 000064: destroy 0 npcs
  [..] 000064: destroy leader
  [..] 000064: destroy follower
  [..] 000064: post-cleanup tick
  [..] 000064: finally end
  [..] 000065: spawn follower
  [..] 000065: spawn leader
  [..] 000065: spawn NPCs (count=0)
  [..] 000065: spawn camera
  [..] 000065: settle (no listener)
  [..] 000065: tick 10/50
  [..] 000065: tick 20/50
  [..] 000065: tick 30/50
  [..] 000065: tick 40/50
  [..] 000065: tick 50/50
  [..] 000065: cam.listen (skip 20 stale frames)
  [OK] 000065.png  (Town01, ClearNoon, sun=37°, dist=16m, lat=+0.0, hdg=+2°, npcs=0)
  [..] 000065: finally start
  [..] 000065: drain tick
  [..] 000065: destroy cam
  [..] 000065: destroy 0 npcs
  [..] 000065: destroy leader
  [..] 000065: destroy follower
  [..] 000065: post-cleanup tick
  [..] 000065: finally end
  [..] 000066: spawn follower
  [..] 000066: spawn leader
  [..] 000066: spawn NPCs (count=0)
  [..] 000066: spawn camera
  [..] 000066: settle (no listener)
  [..] 000066: tick 10/50
  [..] 000066: tick 20/50
  [..] 000066: tick 30/50
  [..] 000066: tick 40/50
  [..] 000066: tick 50/50
  [..] 000066: cam.listen (skip 20 stale frames)
  [OK] 000066.png  (Town01, WetNoon, sun=69°, dist=7m, lat=+0.0, hdg=+1°, npcs=0)
  [..] 000066: finally start
  [..] 000066: drain tick
  [..] 000066: destroy cam
  [..] 000066: destroy 0 npcs
  [..] 000066: destroy leader
  [..] 000066: destroy follower
  [..] 000066: post-cleanup tick
  [..] 000066: finally end
  [..] 000067: spawn follower
  [..] 000067: spawn leader
  [..] 000067: spawn NPCs (count=0)
  [..] 000067: spawn camera
  [..] 000067: settle (no listener)
  [..] 000067: tick 10/50
  [..] 000067: tick 20/50
  [..] 000067: tick 30/50
  [..] 000067: tick 40/50
  [..] 000067: tick 50/50
  [..] 000067: cam.listen (skip 20 stale frames)
  [OK] 000067.png  (Town01, WetNoon, sun=57°, dist=17m, lat=+0.0, hdg=+2°, npcs=0)
  [..] 000067: finally start
  [..] 000067: drain tick
  [..] 000067: destroy cam
  [..] 000067: destroy 0 npcs
  [..] 000067: destroy leader
  [..] 000067: destroy follower
  [..] 000067: post-cleanup tick
  [..] 000067: finally end
  [SKIP] 000068: no valid lane at shift=-1 from follower lane
  [SKIP] 000069: no valid lane at shift=-1 from follower lane
  [SKIP] 000070: no valid lane at shift=-1 from follower lane
  [SKIP] 000071: no valid lane at shift=+1 from follower lane
  [SKIP] 000072: no valid lane at shift=-1 from follower lane
  [SKIP] 000073: no valid lane at shift=+1 from follower lane
  [SKIP] 000074: no valid lane at shift=+1 from follower lane
  [SKIP] 000075: no valid lane at shift=-1 from follower lane
  [SKIP] 000076: no valid lane at shift=+1 from follower lane
  [SKIP] 000077: no valid lane at shift=-1 from follower lane
  [SKIP] 000078: no valid lane at shift=+1 from follower lane
  [..] 000079: spawn follower
  [..] 000079: spawn leader
  [..] 000079: spawn NPCs (count=0)
  [..] 000079: spawn camera
  [..] 000079: settle (no listener)
  [..] 000079: tick 10/50
  [..] 000079: tick 20/50
  [..] 000079: tick 30/50
  [..] 000079: tick 40/50
  [..] 000079: tick 50/50
  [..] 000079: cam.listen (skip 20 stale frames)
  [OK] 000079.png  (Town01, WetNoon, sun=34°, dist=6m, lat=+0.0, hdg=-4°, npcs=0)
  [..] 000079: finally start
  [..] 000079: drain tick
  [..] 000079: destroy cam
  [..] 000079: destroy 0 npcs
  [..] 000079: destroy leader
  [..] 000079: destroy follower
  [..] 000079: post-cleanup tick
  [..] 000079: finally end
  [SKIP] 000080: no valid lane at shift=+1 from follower lane
  [..] 000081: spawn follower
  [..] 000081: spawn leader
  [..] 000081: spawn NPCs (count=0)
  [..] 000081: spawn camera
  [..] 000081: settle (no listener)
  [..] 000081: tick 10/50
  [..] 000081: tick 20/50
  [..] 000081: tick 30/50
  [..] 000081: tick 40/50
  [..] 000081: tick 50/50
  [..] 000081: cam.listen (skip 20 stale frames)
  [OK] 000081.png  (Town01, CloudyNoon, sun=67°, dist=14m, lat=+0.0, hdg=+1°, npcs=0)
  [..] 000081: finally start
  [..] 000081: drain tick
  [..] 000081: destroy cam
  [..] 000081: destroy 0 npcs
  [..] 000081: destroy leader
  [..] 000081: destroy follower
  [..] 000081: post-cleanup tick
  [..] 000081: finally end
  [..] 000082: spawn follower
  [..] 000082: spawn leader
  [..] 000082: spawn NPCs (count=0)
  [..] 000082: spawn camera
  [..] 000082: settle (no listener)
  [..] 000082: tick 10/50
  [..] 000082: tick 20/50
  [..] 000082: tick 30/50
  [..] 000082: tick 40/50
  [..] 000082: tick 50/50
  [..] 000082: cam.listen (skip 20 stale frames)
  [OK] 000082.png  (Town01, MidRainyNoon, sun=65°, dist=18m, lat=+0.0, hdg=-1°, npcs=0)
  [..] 000082: finally start
  [..] 000082: drain tick
  [..] 000082: destroy cam
  [..] 000082: destroy 0 npcs
  [..] 000082: destroy leader
  [..] 000082: destroy follower
  [..] 000082: post-cleanup tick
  [..] 000082: finally end
  [SKIP] 000083: no valid lane at shift=+1 from follower lane
  [SKIP] 000084: no valid lane at shift=-1 from follower lane
  [SKIP] 000085: no valid lane at shift=-1 from follower lane
  [..] 000086: spawn follower
  [..] 000086: spawn leader
  [..] 000086: spawn NPCs (count=0)
  [..] 000086: spawn camera
  [..] 000086: settle (no listener)
  [..] 000086: tick 10/50
  [..] 000086: tick 20/50
  [..] 000086: tick 30/50
  [..] 000086: tick 40/50
  [..] 000086: tick 50/50
  [..] 000086: cam.listen (skip 20 stale frames)
  [OK] 000086.png  (Town01, WetNoon, sun=25°, dist=17m, lat=+0.0, hdg=-3°, npcs=0)
  [..] 000086: finally start
  [..] 000086: drain tick
  [..] 000086: destroy cam
  [..] 000086: destroy 0 npcs
  [..] 000086: destroy leader
  [..] 000086: destroy follower
  [..] 000086: post-cleanup tick
  [..] 000086: finally end
  [..] 000087: spawn follower
  [..] 000087: spawn leader
  [..] 000087: spawn NPCs (count=0)
  [..] 000087: spawn camera
  [..] 000087: settle (no listener)
  [..] 000087: tick 10/50
  [..] 000087: tick 20/50
  [..] 000087: tick 30/50
  [..] 000087: tick 40/50
  [..] 000087: tick 50/50
  [..] 000087: cam.listen (skip 20 stale frames)
  [OK] 000087.png  (Town01, MidRainyNoon, sun=65°, dist=13m, lat=+0.0, hdg=+0°, npcs=0)
  [..] 000087: finally start
  [..] 000087: drain tick
  [..] 000087: destroy cam
  [..] 000087: destroy 0 npcs
  [..] 000087: destroy leader
  [..] 000087: destroy follower
  [..] 000087: post-cleanup tick
  [..] 000087: finally end
  [SKIP] 000088: no valid lane at shift=+1 from follower lane
  [..] 000089: spawn follower
  [..] 000089: spawn leader
  [..] 000089: spawn NPCs (count=0)
  [..] 000089: spawn camera
  [..] 000089: settle (no listener)
  [..] 000089: tick 10/50
  [..] 000089: tick 20/50
  [..] 000089: tick 30/50
  [..] 000089: tick 40/50
  [..] 000089: tick 50/50
  [..] 000089: cam.listen (skip 20 stale frames)
  [OK] 000089.png  (Town01, CloudyNoon, sun=56°, dist=17m, lat=+0.0, hdg=-3°, npcs=0)
  [..] 000089: finally start
  [..] 000089: drain tick
  [..] 000089: destroy cam
  [..] 000089: destroy 0 npcs
  [..] 000089: destroy leader
  [..] 000089: destroy follower
  [..] 000089: post-cleanup tick
  [..] 000089: finally end
  [..] 000090: spawn follower
  [..] 000090: spawn leader
  [..] 000090: spawn NPCs (count=0)
  [..] 000090: spawn camera
  [..] 000090: settle (no listener)
  [..] 000090: tick 10/50
  [..] 000090: tick 20/50
  [..] 000090: tick 30/50
  [..] 000090: tick 40/50
  [..] 000090: tick 50/50
  [..] 000090: cam.listen (skip 20 stale frames)
  [OK] 000090.png  (Town01, CloudyNoon, sun=26°, dist=8m, lat=+0.0, hdg=+4°, npcs=0)
  [..] 000090: finally start
  [..] 000090: drain tick
  [..] 000090: destroy cam
  [..] 000090: destroy 0 npcs
  [..] 000090: destroy leader
  [..] 000090: destroy follower
  [..] 000090: post-cleanup tick
  [..] 000090: finally end
  [SKIP] 000091: no valid lane at shift=-1 from follower lane
  [SKIP] 000092: no valid lane at shift=+1 from follower lane
  [SKIP] 000093: no valid lane at shift=-1 from follower lane
  [SKIP] 000094: no valid lane at shift=+1 from follower lane
  [SKIP] 000095: no valid lane at shift=-1 from follower lane
  [SKIP] 000096: no valid lane at shift=+1 from follower lane
  [..] 000097: spawn follower
  [..] 000097: spawn leader
  [..] 000097: spawn NPCs (count=0)
  [..] 000097: spawn camera
  [..] 000097: settle (no listener)
  [..] 000097: tick 10/50
  [..] 000097: tick 20/50
  [..] 000097: tick 30/50
  [..] 000097: tick 40/50
  [..] 000097: tick 50/50
  [..] 000097: cam.listen (skip 20 stale frames)
  [OK] 000097.png  (Town01, CloudyNoon, sun=52°, dist=16m, lat=+0.0, hdg=-1°, npcs=0)
  [..] 000097: finally start
  [..] 000097: drain tick
  [..] 000097: destroy cam
  [..] 000097: destroy 0 npcs
  [..] 000097: destroy leader
  [..] 000097: destroy follower
  [..] 000097: post-cleanup tick
  [..] 000097: finally end
  [SKIP] 000098: no valid lane at shift=-1 from follower lane
  [SKIP] 000099: no valid lane at shift=+1 from follower lane
  [..] 000100: spawn follower
  [..] 000100: spawn leader
  [..] 000100: spawn NPCs (count=0)
  [..] 000100: spawn camera
  [..] 000100: settle (no listener)
  [..] 000100: tick 10/50
  [..] 000100: tick 20/50
  [..] 000100: tick 30/50
  [..] 000100: tick 40/50
  [..] 000100: tick 50/50
  [..] 000100: cam.listen (skip 20 stale frames)
  [OK] 000100.png  (Town01, ClearNoon, sun=62°, dist=9m, lat=+0.0, hdg=-2°, npcs=0)
  [..] 000100: finally start
  [..] 000100: drain tick
  [..] 000100: destroy cam
  [..] 000100: destroy 0 npcs
  [..] 000100: destroy leader
  [..] 000100: destroy follower
  [..] 000100: post-cleanup tick
  [..] 000100: finally end
  [..] 000101: spawn follower
  [..] 000101: spawn leader
  [..] 000101: spawn NPCs (count=0)
  [..] 000101: spawn camera
  [..] 000101: settle (no listener)
  [..] 000101: tick 10/50
  [..] 000101: tick 20/50
  [..] 000101: tick 30/50
  [..] 000101: tick 40/50
  [..] 000101: tick 50/50
  [..] 000101: cam.listen (skip 20 stale frames)
  [OK] 000101.png  (Town01, MidRainyNoon, sun=60°, dist=6m, lat=+0.0, hdg=-0°, npcs=0)
  [..] 000101: finally start
  [..] 000101: drain tick
  [..] 000101: destroy cam
  [..] 000101: destroy 0 npcs
  [..] 000101: destroy leader
  [..] 000101: destroy follower
  [..] 000101: post-cleanup tick
  [..] 000101: finally end
  [..] 000102: spawn follower
  [..] 000102: spawn leader
  [..] 000102: spawn NPCs (count=0)
  [..] 000102: spawn camera
  [..] 000102: settle (no listener)
  [..] 000102: tick 10/50
  [..] 000102: tick 20/50
  [..] 000102: tick 30/50
  [..] 000102: tick 40/50
  [..] 000102: tick 50/50
  [..] 000102: cam.listen (skip 20 stale frames)
  [OK] 000102.png  (Town01, WetNoon, sun=60°, dist=17m, lat=+0.0, hdg=-3°, npcs=0)
  [..] 000102: finally start
  [..] 000102: drain tick
  [..] 000102: destroy cam
  [..] 000102: destroy 0 npcs
  [..] 000102: destroy leader
  [..] 000102: destroy follower
  [..] 000102: post-cleanup tick
  [..] 000102: finally end
  [SKIP] 000103: no valid lane at shift=-1 from follower lane
  [SKIP] 000104: no valid lane at shift=-1 from follower lane
  [..] 000105: spawn follower
  [..] 000105: spawn leader
  [..] 000105: spawn NPCs (count=0)
  [..] 000105: spawn camera
  [..] 000105: settle (no listener)
  [..] 000105: tick 10/50
  [..] 000105: tick 20/50
  [..] 000105: tick 30/50
  [..] 000105: tick 40/50
  [..] 000105: tick 50/50
  [..] 000105: cam.listen (skip 20 stale frames)
  [OK] 000105.png  (Town01, CloudyNoon, sun=41°, dist=16m, lat=+0.0, hdg=-2°, npcs=0)
  [..] 000105: finally start
  [..] 000105: drain tick
  [..] 000105: destroy cam
  [..] 000105: destroy 0 npcs
  [..] 000105: destroy leader
  [..] 000105: destroy follower
  [..] 000105: post-cleanup tick
  [..] 000105: finally end
  [SKIP] 000106: no valid lane at shift=-1 from follower lane
  [SKIP] 000107: no valid lane at shift=+1 from follower lane
  [..] 000108: spawn follower
  [..] 000108: spawn leader
  [..] 000108: spawn NPCs (count=0)
  [..] 000108: spawn camera
  [..] 000108: settle (no listener)
  [..] 000108: tick 10/50
  [..] 000108: tick 20/50
  [..] 000108: tick 30/50
  [..] 000108: tick 40/50
  [..] 000108: tick 50/50
  [..] 000108: cam.listen (skip 20 stale frames)
  [OK] 000108.png  (Town01, CloudyNoon, sun=42°, dist=16m, lat=+0.0, hdg=-1°, npcs=0)
  [..] 000108: finally start
  [..] 000108: drain tick
  [..] 000108: destroy cam
  [..] 000108: destroy 0 npcs
  [..] 000108: destroy leader
  [..] 000108: destroy follower
  [..] 000108: post-cleanup tick
  [..] 000108: finally end
  [SKIP] 000109: no valid lane at shift=+1 from follower lane
  [SKIP] 000110: no valid lane at shift=+1 from follower lane
  [SKIP] 000111: no valid lane at shift=+1 from follower lane
  [SKIP] 000112: no valid lane at shift=+1 from follower lane
  [..] 000113: spawn follower
  [..] 000113: spawn leader
  [..] 000113: spawn NPCs (count=0)
  [..] 000113: spawn camera
  [..] 000113: settle (no listener)
  [..] 000113: tick 10/50
  [..] 000113: tick 20/50
  [..] 000113: tick 30/50
  [..] 000113: tick 40/50
  [..] 000113: tick 50/50
  [..] 000113: cam.listen (skip 20 stale frames)
  [OK] 000113.png  (Town01, WetNoon, sun=53°, dist=9m, lat=+0.0, hdg=+4°, npcs=0)
  [..] 000113: finally start
  [..] 000113: drain tick
  [..] 000113: destroy cam
  [..] 000113: destroy 0 npcs
  [..] 000113: destroy leader
  [..] 000113: destroy follower
  [..] 000113: post-cleanup tick
  [..] 000113: finally end
  [SKIP] 000114: no valid lane at shift=+1 from follower lane
  [..] 000115: spawn follower
  [..] 000115: spawn leader
  [..] 000115: spawn NPCs (count=0)
  [..] 000115: spawn camera
  [..] 000115: settle (no listener)
  [..] 000115: tick 10/50
  [..] 000115: tick 20/50
  [..] 000115: tick 30/50
  [..] 000115: tick 40/50
  [..] 000115: tick 50/50
  [..] 000115: cam.listen (skip 20 stale frames)
  [OK] 000115.png  (Town01, WetNoon, sun=55°, dist=10m, lat=+0.0, hdg=+2°, npcs=0)
  [..] 000115: finally start
  [..] 000115: drain tick
  [..] 000115: destroy cam
  [..] 000115: destroy 0 npcs
  [..] 000115: destroy leader
  [..] 000115: destroy follower
  [..] 000115: post-cleanup tick
  [..] 000115: finally end
  [SKIP] 000116: no valid lane at shift=-1 from follower lane
  [SKIP] 000117: no valid lane at shift=-1 from follower lane
  [..] 000118: spawn follower
  [..] 000118: spawn leader
  [..] 000118: spawn NPCs (count=0)
  [..] 000118: spawn camera
  [..] 000118: settle (no listener)
  [..] 000118: tick 10/50
  [..] 000118: tick 20/50
  [..] 000118: tick 30/50
  [..] 000118: tick 40/50
  [..] 000118: tick 50/50
  [..] 000118: cam.listen (skip 20 stale frames)
  [OK] 000118.png  (Town01, WetNoon, sun=54°, dist=8m, lat=+0.0, hdg=-1°, npcs=0)
  [..] 000118: finally start
  [..] 000118: drain tick
  [..] 000118: destroy cam
  [..] 000118: destroy 0 npcs
  [..] 000118: destroy leader
  [..] 000118: destroy follower
  [..] 000118: post-cleanup tick
  [..] 000118: finally end
  [SKIP] 000119: no valid lane at shift=-1 from follower lane
  [SKIP] 000120: no valid lane at shift=-1 from follower lane
  [SKIP] 000121: no valid lane at shift=+1 from follower lane
  [SKIP] 000122: no valid lane at shift=+1 from follower lane
  [SKIP] 000123: no valid lane at shift=-1 from follower lane
  [SKIP] 000124: no valid lane at shift=+1 from follower lane
  [SKIP] 000125: no valid lane at shift=+1 from follower lane
  [SKIP] 000126: no valid lane at shift=+1 from follower lane
  [SKIP] 000127: no valid lane at shift=+1 from follower lane
  [SKIP] 000128: no valid lane at shift=-1 from follower lane
  [SKIP] 000129: no valid lane at shift=+1 from follower lane
  [SKIP] 000130: no valid lane at shift=-1 from follower lane
  [SKIP] 000131: no valid lane at shift=-1 from follower lane
  [..] 000132: spawn follower
  [..] 000132: spawn leader
  [..] 000132: spawn NPCs (count=0)
  [..] 000132: spawn camera
  [..] 000132: settle (no listener)
  [..] 000132: tick 10/50
  [..] 000132: tick 20/50
  [..] 000132: tick 30/50
  [..] 000132: tick 40/50
  [..] 000132: tick 50/50
  [..] 000132: cam.listen (skip 20 stale frames)
  [OK] 000132.png  (Town01, ClearNoon, sun=32°, dist=8m, lat=+0.0, hdg=+1°, npcs=0)
  [..] 000132: finally start
  [..] 000132: drain tick
  [..] 000132: destroy cam
  [..] 000132: destroy 0 npcs
  [..] 000132: destroy leader
  [..] 000132: destroy follower
  [..] 000132: post-cleanup tick
  [..] 000132: finally end
  [SKIP] 000133: no valid lane at shift=-1 from follower lane
  [..] 000134: spawn follower
  [..] 000134: spawn leader
  [..] 000134: spawn NPCs (count=0)
  [..] 000134: spawn camera
  [..] 000134: settle (no listener)
  [..] 000134: tick 10/50
  [..] 000134: tick 20/50
  [..] 000134: tick 30/50
  [..] 000134: tick 40/50
  [..] 000134: tick 50/50
  [..] 000134: cam.listen (skip 20 stale frames)
  [OK] 000134.png  (Town01, WetNoon, sun=55°, dist=8m, lat=+0.0, hdg=+1°, npcs=0)
  [..] 000134: finally start
  [..] 000134: drain tick
  [..] 000134: destroy cam
  [..] 000134: destroy 0 npcs
  [..] 000134: destroy leader
  [..] 000134: destroy follower
  [..] 000134: post-cleanup tick
  [..] 000134: finally end
  [SKIP] 000135: no valid lane at shift=+1 from follower lane
  [SKIP] 000136: no valid lane at shift=-1 from follower lane
  [SKIP] 000137: no valid lane at shift=+1 from follower lane
  [..] 000138: spawn follower
  [..] 000138: spawn leader
  [..] 000138: spawn NPCs (count=0)
  [..] 000138: spawn camera
  [..] 000138: settle (no listener)
  [..] 000138: tick 10/50
  [..] 000138: tick 20/50
  [..] 000138: tick 30/50
  [..] 000138: tick 40/50
  [..] 000138: tick 50/50
  [..] 000138: cam.listen (skip 20 stale frames)
  [OK] 000138.png  (Town01, CloudyNoon, sun=69°, dist=8m, lat=+0.0, hdg=+0°, npcs=0)
  [..] 000138: finally start
  [..] 000138: drain tick
  [..] 000138: destroy cam
  [..] 000138: destroy 0 npcs
  [..] 000138: destroy leader
  [..] 000138: destroy follower
  [..] 000138: post-cleanup tick
  [..] 000138: finally end
  [SKIP] 000139: no valid lane at shift=+1 from follower lane
  [..] 000140: spawn follower
  [..] 000140: spawn leader
  [..] 000140: spawn NPCs (count=0)
  [..] 000140: spawn camera
  [..] 000140: settle (no listener)
  [..] 000140: tick 10/50
  [..] 000140: tick 20/50
  [..] 000140: tick 30/50
  [..] 000140: tick 40/50
  [..] 000140: tick 50/50
  [..] 000140: cam.listen (skip 20 stale frames)
  [OK] 000140.png  (Town01, MidRainyNoon, sun=30°, dist=16m, lat=+0.0, hdg=-4°, npcs=0)
  [..] 000140: finally start
  [..] 000140: drain tick
  [..] 000140: destroy cam
  [..] 000140: destroy 0 npcs
  [..] 000140: destroy leader
  [..] 000140: destroy follower
  [..] 000140: post-cleanup tick
  [..] 000140: finally end
  [SKIP] 000141: no valid lane at shift=+1 from follower lane
  [SKIP] 000142: no valid lane at shift=-1 from follower lane
  [SKIP] 000143: no valid lane at shift=+1 from follower lane
  [..] 000144: spawn follower
  [..] 000144: spawn leader
  [..] 000144: spawn NPCs (count=0)
  [..] 000144: spawn camera
  [..] 000144: settle (no listener)
  [..] 000144: tick 10/50
  [..] 000144: tick 20/50
  [..] 000144: tick 30/50
  [..] 000144: tick 40/50
  [..] 000144: tick 50/50
  [..] 000144: cam.listen (skip 20 stale frames)
  [OK] 000144.png  (Town01, ClearNoon, sun=39°, dist=12m, lat=+0.0, hdg=-2°, npcs=0)
  [..] 000144: finally start
  [..] 000144: drain tick
  [..] 000144: destroy cam
  [..] 000144: destroy 0 npcs
  [..] 000144: destroy leader
  [..] 000144: destroy follower
  [..] 000144: post-cleanup tick
  [..] 000144: finally end
  [..] 000145: spawn follower
  [..] 000145: spawn leader
  [..] 000145: spawn NPCs (count=0)
  [..] 000145: spawn camera
  [..] 000145: settle (no listener)
  [..] 000145: tick 10/50
  [..] 000145: tick 20/50
  [..] 000145: tick 30/50
  [..] 000145: tick 40/50
  [..] 000145: tick 50/50
  [..] 000145: cam.listen (skip 20 stale frames)
  [OK] 000145.png  (Town01, MidRainyNoon, sun=31°, dist=11m, lat=+0.0, hdg=+5°, npcs=0)
  [..] 000145: finally start
  [..] 000145: drain tick
  [..] 000145: destroy cam
  [..] 000145: destroy 0 npcs
  [..] 000145: destroy leader
  [..] 000145: destroy follower
  [..] 000145: post-cleanup tick
  [..] 000145: finally end
  [SKIP] 000146: no valid lane at shift=+1 from follower lane
  [SKIP] 000147: no valid lane at shift=-1 from follower lane
  [..] 000148: spawn follower
  [..] 000148: spawn leader
  [..] 000148: spawn NPCs (count=0)
  [..] 000148: spawn camera
  [..] 000148: settle (no listener)
  [..] 000148: tick 10/50
  [..] 000148: tick 20/50
  [..] 000148: tick 30/50
  [..] 000148: tick 40/50
  [..] 000148: tick 50/50
  [..] 000148: cam.listen (skip 20 stale frames)
  [OK] 000148.png  (Town01, MidRainyNoon, sun=61°, dist=7m, lat=+0.0, hdg=-2°, npcs=0)
  [..] 000148: finally start
  [..] 000148: drain tick
  [..] 000148: destroy cam
  [..] 000148: destroy 0 npcs
  [..] 000148: destroy leader
  [..] 000148: destroy follower
  [..] 000148: post-cleanup tick
  [..] 000148: finally end
  [..] 000149: spawn follower
  [..] 000149: spawn leader
  [..] 000149: spawn NPCs (count=0)
  [..] 000149: spawn camera
  [..] 000149: settle (no listener)
  [..] 000149: tick 10/50
  [..] 000149: tick 20/50
  [..] 000149: tick 30/50
  [..] 000149: tick 40/50
  [..] 000149: tick 50/50
  [..] 000149: cam.listen (skip 20 stale frames)
  [OK] 000149.png  (Town01, MidRainyNoon, sun=61°, dist=9m, lat=+0.0, hdg=-2°, npcs=0)
  [..] 000149: finally start
  [..] 000149: drain tick
  [..] 000149: destroy cam
  [..] 000149: destroy 0 npcs
  [..] 000149: destroy leader
  [..] 000149: destroy follower
  [..] 000149: post-cleanup tick
  [..] 000149: finally end
  [SKIP] 000150: no valid lane at shift=+1 from follower lane
  [..] 000151: spawn follower
  [..] 000151: spawn leader
  [..] 000151: spawn NPCs (count=0)
  [..] 000151: spawn camera
  [..] 000151: settle (no listener)
  [..] 000151: tick 10/50
  [..] 000151: tick 20/50
  [..] 000151: tick 30/50
  [..] 000151: tick 40/50
  [..] 000151: tick 50/50
  [..] 000151: cam.listen (skip 20 stale frames)
  [OK] 000151.png  (Town01, CloudyNoon, sun=66°, dist=13m, lat=+0.0, hdg=+5°, npcs=0)
  [..] 000151: finally start
  [..] 000151: drain tick
  [..] 000151: destroy cam
  [..] 000151: destroy 0 npcs
  [..] 000151: destroy leader
  [..] 000151: destroy follower
  [..] 000151: post-cleanup tick
  [..] 000151: finally end
  [SKIP] 000152: no valid lane at shift=+1 from follower lane
  [..] 000153: spawn follower
  [..] 000153: spawn leader
  [..] 000153: spawn NPCs (count=0)
  [..] 000153: spawn camera
  [..] 000153: settle (no listener)
  [..] 000153: tick 10/50
  [..] 000153: tick 20/50
  [..] 000153: tick 30/50
  [..] 000153: tick 40/50
  [..] 000153: tick 50/50
  [..] 000153: cam.listen (skip 20 stale frames)
  [OK] 000153.png  (Town01, WetNoon, sun=46°, dist=8m, lat=+0.0, hdg=-3°, npcs=0)
  [..] 000153: finally start
  [..] 000153: drain tick
  [..] 000153: destroy cam
  [..] 000153: destroy 0 npcs
  [..] 000153: destroy leader
  [..] 000153: destroy follower
  [..] 000153: post-cleanup tick
  [..] 000153: finally end
  [SKIP] 000154: no valid lane at shift=+1 from follower lane
  [..] 000155: spawn follower
  [..] 000155: spawn leader
  [..] 000155: spawn NPCs (count=0)
  [..] 000155: spawn camera
  [..] 000155: settle (no listener)
  [..] 000155: tick 10/50
  [..] 000155: tick 20/50
  [..] 000155: tick 30/50
  [..] 000155: tick 40/50
  [..] 000155: tick 50/50
  [..] 000155: cam.listen (skip 20 stale frames)
  [OK] 000155.png  (Town01, CloudyNoon, sun=34°, dist=10m, lat=+0.0, hdg=+0°, npcs=0)
  [..] 000155: finally start
  [..] 000155: drain tick
  [..] 000155: destroy cam
  [..] 000155: destroy 0 npcs
  [..] 000155: destroy leader
  [..] 000155: destroy follower
  [..] 000155: post-cleanup tick
  [..] 000155: finally end
  [SKIP] 000156: no valid lane at shift=-1 from follower lane
  [SKIP] 000157: no valid lane at shift=-1 from follower lane
  [SKIP] 000158: no valid lane at shift=+1 from follower lane
  [..] 000159: spawn follower
  [..] 000159: spawn leader
  [..] 000159: spawn NPCs (count=0)
  [..] 000159: spawn camera
  [..] 000159: settle (no listener)
  [..] 000159: tick 10/50
  [..] 000159: tick 20/50
  [..] 000159: tick 30/50
  [..] 000159: tick 40/50
  [..] 000159: tick 50/50
  [..] 000159: cam.listen (skip 20 stale frames)
  [OK] 000159.png  (Town01, ClearNoon, sun=59°, dist=17m, lat=+0.0, hdg=-3°, npcs=0)
  [..] 000159: finally start
  [..] 000159: drain tick
  [..] 000159: destroy cam
  [..] 000159: destroy 0 npcs
  [..] 000159: destroy leader
  [..] 000159: destroy follower
  [..] 000159: post-cleanup tick
  [..] 000159: finally end
  [SKIP] 000160: no valid lane at shift=+1 from follower lane
  [..] 000161: spawn follower
  [..] 000161: spawn leader
  [..] 000161: spawn NPCs (count=0)
  [..] 000161: spawn camera
  [..] 000161: settle (no listener)
  [..] 000161: tick 10/50
  [..] 000161: tick 20/50
  [..] 000161: tick 30/50
  [..] 000161: tick 40/50
  [..] 000161: tick 50/50
  [..] 000161: cam.listen (skip 20 stale frames)
  [OK] 000161.png  (Town01, CloudyNoon, sun=26°, dist=11m, lat=+0.0, hdg=-2°, npcs=0)
  [..] 000161: finally start
  [..] 000161: drain tick
  [..] 000161: destroy cam
  [..] 000161: destroy 0 npcs
  [..] 000161: destroy leader
  [..] 000161: destroy follower
  [..] 000161: post-cleanup tick
  [..] 000161: finally end
  [SKIP] 000162: no valid lane at shift=-1 from follower lane
  [..] 000163: spawn follower
  [..] 000163: spawn leader
  [..] 000163: spawn NPCs (count=0)
  [..] 000163: spawn camera
  [..] 000163: settle (no listener)
  [..] 000163: tick 10/50
  [..] 000163: tick 20/50
  [..] 000163: tick 30/50
  [..] 000163: tick 40/50
  [..] 000163: tick 50/50
  [..] 000163: cam.listen (skip 20 stale frames)
  [OK] 000163.png  (Town01, WetNoon, sun=59°, dist=17m, lat=+0.0, hdg=+1°, npcs=0)
  [..] 000163: finally start
  [..] 000163: drain tick
  [..] 000163: destroy cam
  [..] 000163: destroy 0 npcs
  [..] 000163: destroy leader
  [..] 000163: destroy follower
  [..] 000163: post-cleanup tick
  [..] 000163: finally end
  [SKIP] 000164: no valid lane at shift=-1 from follower lane
  [SKIP] 000165: no valid lane at shift=-1 from follower lane
  [SKIP] 000166: no valid lane at shift=-1 from follower lane
  [SKIP] 000167: no valid lane at shift=-1 from follower lane
  [SKIP] 000168: no valid lane at shift=+1 from follower lane
  [..] 000169: spawn follower
  [..] 000169: spawn leader
  [..] 000169: spawn NPCs (count=0)
  [..] 000169: spawn camera
  [..] 000169: settle (no listener)
  [..] 000169: tick 10/50
  [..] 000169: tick 20/50
  [..] 000169: tick 30/50
  [..] 000169: tick 40/50
  [..] 000169: tick 50/50
  [..] 000169: cam.listen (skip 20 stale frames)
  [OK] 000169.png  (Town01, MidRainyNoon, sun=53°, dist=18m, lat=+0.0, hdg=-4°, npcs=0)
  [..] 000169: finally start
  [..] 000169: drain tick
  [..] 000169: destroy cam
  [..] 000169: destroy 0 npcs
  [..] 000169: destroy leader
  [..] 000169: destroy follower
  [..] 000169: post-cleanup tick
  [..] 000169: finally end
  [..] 000170: spawn follower
  [..] 000170: spawn leader
  [..] 000170: spawn NPCs (count=0)
  [..] 000170: spawn camera
  [..] 000170: settle (no listener)
  [..] 000170: tick 10/50
  [..] 000170: tick 20/50
  [..] 000170: tick 30/50
  [..] 000170: tick 40/50
  [..] 000170: tick 50/50
  [..] 000170: cam.listen (skip 20 stale frames)
  [OK] 000170.png  (Town01, WetNoon, sun=31°, dist=13m, lat=+0.0, hdg=-2°, npcs=0)
  [..] 000170: finally start
  [..] 000170: drain tick
  [..] 000170: destroy cam
  [..] 000170: destroy 0 npcs
  [..] 000170: destroy leader
  [..] 000170: destroy follower
  [..] 000170: post-cleanup tick
  [..] 000170: finally end
  [SKIP] 000171: no valid lane at shift=+1 from follower lane
  [..] 000172: spawn follower
  [..] 000172: spawn leader
  [..] 000172: spawn NPCs (count=0)
  [..] 000172: spawn camera
  [..] 000172: settle (no listener)
  [..] 000172: tick 10/50
  [..] 000172: tick 20/50
  [..] 000172: tick 30/50
  [..] 000172: tick 40/50
  [..] 000172: tick 50/50
  [..] 000172: cam.listen (skip 20 stale frames)
  [OK] 000172.png  (Town01, MidRainyNoon, sun=37°, dist=10m, lat=+0.0, hdg=-0°, npcs=0)
  [..] 000172: finally start
  [..] 000172: drain tick
  [..] 000172: destroy cam
  [..] 000172: destroy 0 npcs
  [..] 000172: destroy leader
  [..] 000172: destroy follower
  [..] 000172: post-cleanup tick
  [..] 000172: finally end
  [SKIP] 000173: no valid lane at shift=-1 from follower lane
  [..] 000174: spawn follower
  [..] 000174: spawn leader
  [..] 000174: spawn NPCs (count=0)
  [..] 000174: spawn camera
  [..] 000174: settle (no listener)
  [..] 000174: tick 10/50
  [..] 000174: tick 20/50
  [..] 000174: tick 30/50
  [..] 000174: tick 40/50
  [..] 000174: tick 50/50
  [..] 000174: cam.listen (skip 20 stale frames)
  [OK] 000174.png  (Town01, WetNoon, sun=61°, dist=7m, lat=+0.0, hdg=-2°, npcs=0)
  [..] 000174: finally start
  [..] 000174: drain tick
  [..] 000174: destroy cam
  [..] 000174: destroy 0 npcs
  [..] 000174: destroy leader
  [..] 000174: destroy follower
  [..] 000174: post-cleanup tick
  [..] 000174: finally end
  [..] 000175: spawn follower
  [..] 000175: spawn leader
  [..] 000175: spawn NPCs (count=0)
  [..] 000175: spawn camera
  [..] 000175: settle (no listener)
  [..] 000175: tick 10/50
  [..] 000175: tick 20/50
  [..] 000175: tick 30/50
  [..] 000175: tick 40/50
  [..] 000175: tick 50/50
  [..] 000175: cam.listen (skip 20 stale frames)
  [OK] 000175.png  (Town01, CloudyNoon, sun=45°, dist=6m, lat=+0.0, hdg=-3°, npcs=0)
  [..] 000175: finally start
  [..] 000175: drain tick
  [..] 000175: destroy cam
  [..] 000175: destroy 0 npcs
  [..] 000175: destroy leader
  [..] 000175: destroy follower
  [..] 000175: post-cleanup tick
  [..] 000175: finally end
  [SKIP] 000176: no valid lane at shift=-1 from follower lane
  [..] 000177: spawn follower
  [..] 000177: spawn leader
  [..] 000177: spawn NPCs (count=0)
  [..] 000177: spawn camera
  [..] 000177: settle (no listener)
  [..] 000177: tick 10/50
  [..] 000177: tick 20/50
  [..] 000177: tick 30/50
  [..] 000177: tick 40/50
  [..] 000177: tick 50/50
  [..] 000177: cam.listen (skip 20 stale frames)
  [OK] 000177.png  (Town01, CloudyNoon, sun=44°, dist=16m, lat=+0.0, hdg=+1°, npcs=0)
  [..] 000177: finally start
  [..] 000177: drain tick
  [..] 000177: destroy cam
  [..] 000177: destroy 0 npcs
  [..] 000177: destroy leader
  [..] 000177: destroy follower
  [..] 000177: post-cleanup tick
  [..] 000177: finally end
  [SKIP] 000178: no valid lane at shift=+1 from follower lane
  [SKIP] 000179: no valid lane at shift=+1 from follower lane
  [..] 000180: spawn follower
  [..] 000180: spawn leader
  [..] 000180: spawn NPCs (count=0)
  [..] 000180: spawn camera
  [..] 000180: settle (no listener)
  [..] 000180: tick 10/50
  [..] 000180: tick 20/50
  [..] 000180: tick 30/50
  [..] 000180: tick 40/50
  [..] 000180: tick 50/50
  [..] 000180: cam.listen (skip 20 stale frames)
  [OK] 000180.png  (Town01, MidRainyNoon, sun=44°, dist=15m, lat=+0.0, hdg=-3°, npcs=0)
  [..] 000180: finally start
  [..] 000180: drain tick
  [..] 000180: destroy cam
  [..] 000180: destroy 0 npcs
  [..] 000180: destroy leader
  [..] 000180: destroy follower
  [..] 000180: post-cleanup tick
  [..] 000180: finally end
  [SKIP] 000181: no valid lane at shift=+1 from follower lane
  [SKIP] 000182: no valid lane at shift=-1 from follower lane
  [SKIP] 000183: no valid lane at shift=+1 from follower lane
  [..] 000184: spawn follower
  [..] 000184: spawn leader
  [..] 000184: spawn NPCs (count=0)
  [..] 000184: spawn camera
  [..] 000184: settle (no listener)
  [..] 000184: tick 10/50
  [..] 000184: tick 20/50
  [..] 000184: tick 30/50
  [..] 000184: tick 40/50
  [..] 000184: tick 50/50
  [..] 000184: cam.listen (skip 20 stale frames)
  [OK] 000184.png  (Town01, CloudyNoon, sun=26°, dist=8m, lat=+0.0, hdg=+2°, npcs=0)
  [..] 000184: finally start
  [..] 000184: drain tick
  [..] 000184: destroy cam
  [..] 000184: destroy 0 npcs
  [..] 000184: destroy leader
  [..] 000184: destroy follower
  [..] 000184: post-cleanup tick
  [..] 000184: finally end
  [SKIP] 000185: no valid lane at shift=+1 from follower lane
  [SKIP] 000186: no valid lane at shift=-1 from follower lane
  [SKIP] 000187: no valid lane at shift=-1 from follower lane
  [SKIP] 000188: no valid lane at shift=+1 from follower lane
  [..] 000189: spawn follower
  [..] 000189: spawn leader
  [..] 000189: spawn NPCs (count=0)
  [..] 000189: spawn camera
  [..] 000189: settle (no listener)
  [..] 000189: tick 10/50
  [..] 000189: tick 20/50
  [..] 000189: tick 30/50
  [..] 000189: tick 40/50
  [..] 000189: tick 50/50
  [..] 000189: cam.listen (skip 20 stale frames)
  [OK] 000189.png  (Town01, ClearNoon, sun=41°, dist=12m, lat=+0.0, hdg=+2°, npcs=0)
  [..] 000189: finally start
  [..] 000189: drain tick
  [..] 000189: destroy cam
  [..] 000189: destroy 0 npcs
  [..] 000189: destroy leader
  [..] 000189: destroy follower
  [..] 000189: post-cleanup tick
  [..] 000189: finally end
  [SKIP] 000190: no valid lane at shift=-1 from follower lane
  [SKIP] 000191: no valid lane at shift=-1 from follower lane
  [..] 000192: spawn follower
  [..] 000192: spawn leader
  [..] 000192: spawn NPCs (count=0)
  [..] 000192: spawn camera
  [..] 000192: settle (no listener)
  [..] 000192: tick 10/50
  [..] 000192: tick 20/50
  [..] 000192: tick 30/50
  [..] 000192: tick 40/50
  [..] 000192: tick 50/50
  [..] 000192: cam.listen (skip 20 stale frames)
  [OK] 000192.png  (Town01, ClearNoon, sun=27°, dist=17m, lat=+0.0, hdg=+4°, npcs=0)
  [..] 000192: finally start
  [..] 000192: drain tick
  [..] 000192: destroy cam
  [..] 000192: destroy 0 npcs
  [..] 000192: destroy leader
  [..] 000192: destroy follower
  [..] 000192: post-cleanup tick
  [..] 000192: finally end
  [..] 000193: spawn follower
  [..] 000193: spawn leader
  [..] 000193: spawn NPCs (count=0)
  [..] 000193: spawn camera
  [..] 000193: settle (no listener)
  [..] 000193: tick 10/50
  [..] 000193: tick 20/50
  [..] 000193: tick 30/50
  [..] 000193: tick 40/50
  [..] 000193: tick 50/50
  [..] 000193: cam.listen (skip 20 stale frames)
  [OK] 000193.png  (Town01, WetNoon, sun=45°, dist=11m, lat=+0.0, hdg=+2°, npcs=0)
  [..] 000193: finally start
  [..] 000193: drain tick
  [..] 000193: destroy cam
  [..] 000193: destroy 0 npcs
  [..] 000193: destroy leader
  [..] 000193: destroy follower
  [..] 000193: post-cleanup tick
  [..] 000193: finally end
  [SKIP] 000194: no valid lane at shift=-1 from follower lane
  [SKIP] 000195: no valid lane at shift=+1 from follower lane
  [..] 000196: spawn follower
  [..] 000196: spawn leader
  [..] 000196: spawn NPCs (count=0)
  [..] 000196: spawn camera
  [..] 000196: settle (no listener)
  [..] 000196: tick 10/50
  [..] 000196: tick 20/50
  [..] 000196: tick 30/50
  [..] 000196: tick 40/50
  [..] 000196: tick 50/50
  [..] 000196: cam.listen (skip 20 stale frames)
  [OK] 000196.png  (Town01, CloudyNoon, sun=61°, dist=15m, lat=+0.0, hdg=-1°, npcs=0)
  [..] 000196: finally start
  [..] 000196: drain tick
  [..] 000196: destroy cam
  [..] 000196: destroy 0 npcs
  [..] 000196: destroy leader
  [..] 000196: destroy follower
  [..] 000196: post-cleanup tick
  [..] 000196: finally end
  [..] 000197: spawn follower
  [..] 000197: spawn leader
  [..] 000197: spawn NPCs (count=0)
  [..] 000197: spawn camera
  [..] 000197: settle (no listener)
  [..] 000197: tick 10/50
  [..] 000197: tick 20/50
  [..] 000197: tick 30/50
  [..] 000197: tick 40/50
  [..] 000197: tick 50/50
  [..] 000197: cam.listen (skip 20 stale frames)
  [OK] 000197.png  (Town01, CloudyNoon, sun=56°, dist=10m, lat=+0.0, hdg=-0°, npcs=0)
  [..] 000197: finally start
  [..] 000197: drain tick
  [..] 000197: destroy cam
  [..] 000197: destroy 0 npcs
  [..] 000197: destroy leader
  [..] 000197: destroy follower
  [..] 000197: post-cleanup tick
  [..] 000197: finally end
  [SKIP] 000198: no valid lane at shift=-1 from follower lane
  [SKIP] 000199: no valid lane at shift=+1 from follower lane
  [..] 000200: spawn follower
  [..] 000200: spawn leader
  [..] 000200: spawn NPCs (count=0)
  [..] 000200: spawn camera
  [..] 000200: settle (no listener)
  [..] 000200: tick 10/50
  [..] 000200: tick 20/50
  [..] 000200: tick 30/50
  [..] 000200: tick 40/50
  [..] 000200: tick 50/50
  [..] 000200: cam.listen (skip 20 stale frames)
  [OK] 000200.png  (Town01, CloudyNoon, sun=36°, dist=6m, lat=+0.0, hdg=+3°, npcs=0)
  [..] 000200: finally start
  [..] 000200: drain tick
  [..] 000200: destroy cam
  [..] 000200: destroy 0 npcs
  [..] 000200: destroy leader
  [..] 000200: destroy follower
  [..] 000200: post-cleanup tick
  [..] 000200: finally end

Done. 200 frame(s) attempted → /home/vortex/adversarial-patch-vehicle/data/chroma_key_dataset/capture_20260602_191810
Index: /home/vortex/adversarial-patch-vehicle/data/chroma_key_dataset/capture_20260602_191810/captures_index.csv
[19:19:09] DONE
