################################################################
# CHROMA-KEY CAPTURE — 2026-06-02 19:01:16
################################################################
  towns          : Town06
  weather        : ClearNoon CloudyNoon WetNoon MidRainyNoon
  sun_alts       : 70 55 40 25
  distances      : 6 10 14 18
  lateral_offs   : -1 0 1
  heading_offs   : -5 0 5
  npc_count      : 0  (radius 60 m)
  spawn_pool     : 6
  leader         : vehicle.carlamotors.carlacola
  follower       : vehicle.tesla.model3
  max_frames     : 99999
  shuffle        : 1
  continuous     : 1  (per-town: 5)
  sun_range      : 25 70
  dist_range     : 6 18
  heading_range  : -5 5
  seed           : 20678
  log            : data/chroma_key_dataset/run_capture_20260602_190116.log

Connecting to CARLA at localhost:2000 (timeout=180s) ...
Continuous sampling: 5 attempts across 1 towns (5/town)
Sampled : 5 frame(s) (shuffled)
   Town06                5
Out     : /home/vortex/adversarial-patch-vehicle/data/chroma_key_dataset/capture_20260602_190116


--- Loading Town06 ---
WARNING: Version mismatch detected: You are trying to connect to a simulator that might be incompatible with this API 
WARNING: Client API version     = 0.9.15 
WARNING: Simulator API version  = 0.9.15.2 
Traceback (most recent call last):
  File "/home/vortex/adversarial-patch-vehicle/src/chroma_key_dataset_generator/capture_frames.py", line 650, in <module>
    main()
  File "/home/vortex/adversarial-patch-vehicle/src/chroma_key_dataset_generator/capture_frames.py", line 565, in main
    world = client.load_world(combo["town"])
RuntimeError: Map 'Town06' not found
[19:01:19] DONE
