################################################################
# CHROMA-KEY CAPTURE — 2026-06-02 14:08:09
################################################################
  towns          : Town06
  weather        : ClearNoon CloudyNoon WetNoon MidRainyNoon
  sun_alts       : 70 55 40 25
  distances      : 6 10 14 18
  lateral_offs   : -1 0 1
  heading_offs   : -5 0 5
  npc_count      : 0  (radius 60 m)
  spawn_pool     : 4
  leader         : vehicle.carlamotors.carlacola
  follower       : vehicle.tesla.model3
  max_frames     : 5
  shuffle        : 1
  seed           : 0
  log            : data/chroma_key_dataset/run_capture_20260602_140809.log

Connecting to CARLA at localhost:2000 (timeout=180s) ...
Full grid: 2304 combinations across 1 towns
Sampled : 5 frame(s) (shuffled)
   Town06                5
Out     : /home/vortex/adversarial-patch-vehicle/data/chroma_key_dataset/capture_20260602_140809


--- Loading Town06 ---
WARNING: Version mismatch detected: You are trying to connect to a simulator that might be incompatible with this API 
WARNING: Client API version     = 0.9.15 
WARNING: Simulator API version  = 0.9.15.2 
  warmup: 100 ticks
  [SKIP] 000001: no valid lane at shift=+1 from follower lane
  [..] 000002: spawn follower
  [..] 000002: spawn leader
  [..] 000002: spawn NPCs (count=0)
  [..] 000002: spawn camera
  [..] 000002: settle (no listener)
  [..] 000002: tick 10/50
  [..] 000002: tick 20/50
  [..] 000002: tick 30/50
  [..] 000002: tick 40/50
  [..] 000002: tick 50/50
  [..] 000002: cam.listen (skip 20 stale frames)
  [OK] 000002.png  (Town06, ClearNoon, sun=70°, dist=10m, lat=+0.0, hdg=-5°, npcs=0)
  [..] 000002: finally start
  [..] 000002: drain tick
  [..] 000002: destroy cam
  [..] 000002: destroy 0 npcs
  [..] 000002: destroy leader
  [..] 000002: destroy follower
  [..] 000002: post-cleanup tick
  [..] 000002: finally end
  [SKIP] 000003: no valid lane at shift=+1 from follower lane
  [SKIP] 000004: no valid lane at shift=-1 from follower lane
  [..] 000005: spawn follower
  [..] 000005: spawn leader
  [..] 000005: spawn NPCs (count=0)
  [..] 000005: spawn camera
  [..] 000005: settle (no listener)
  [..] 000005: tick 10/50
  [..] 000005: tick 20/50
  [..] 000005: tick 30/50
  [..] 000005: tick 40/50
  [..] 000005: tick 50/50
  [..] 000005: cam.listen (skip 20 stale frames)
  [OK] 000005.png  (Town06, ClearNoon, sun=55°, dist=18m, lat=+0.0, hdg=-5°, npcs=0)
  [..] 000005: finally start
  [..] 000005: drain tick
  [..] 000005: destroy cam
  [..] 000005: destroy 0 npcs
  [..] 000005: destroy leader
  [..] 000005: destroy follower
  [..] 000005: post-cleanup tick
  [..] 000005: finally end

Done. 5 frame(s) attempted → /home/vortex/adversarial-patch-vehicle/data/chroma_key_dataset/capture_20260602_140809
Index: /home/vortex/adversarial-patch-vehicle/data/chroma_key_dataset/capture_20260602_140809/captures_index.csv
[14:08:19] DONE
