################################################################
# CHROMA-KEY CAPTURE — 2026-06-02 11:29:58
################################################################
  towns          : Town04 Town06 Town10HD_Opt
  weather        : ClearNoon CloudyNoon WetNoon MidRainyNoon
  sun_alts       : 70 55 40 25
  distances      : 6 10 14 18
  lateral_offs   : -1.5 0 1.5
  heading_offs   : -5 0 5
  npc_count      : 10  (radius 60 m)
  spawn_pool     : 4
  leader         : vehicle.carlamotors.carlacola
  follower       : vehicle.tesla.model3
  max_frames     : 1000
  seed           : 0
  log            : data/chroma_key_dataset/run_capture_20260602_112958.log

WARNING: Version mismatch detected: You are trying to connect to a simulator that might be incompatible with this API 
WARNING: Client API version     = 0.9.15 
WARNING: Simulator API version  = 0.9.15.2 
terminate called after throwing an instance of 'std::runtime_error'
  what():  trying to operate on a destroyed actor; an actor's function was called, but the actor is already destroyed.
[11:30:09] DONE
