################################################################
# CHROMA-KEY CAPTURE — 2026-06-02 11:46:11
################################################################
  towns          : Town01 Town03 Town04 Town06 Town10HD_Opt
  weather        : ClearNoon CloudyNoon
  sun_alts       : 65 35
  distances      : 6 10 14 18
  lateral_offs   : -1 0 1
  heading_offs   : 0
  npc_count      : 8  (radius 60 m)
  spawn_pool     : 2
  leader         : vehicle.carlamotors.carlacola
  follower       : vehicle.tesla.model3
  max_frames     : 1000
  shuffle        : 1
  seed           : 0
  log            : data/chroma_key_dataset/run_capture_20260602_114611.log

WARNING: Version mismatch detected: You are trying to connect to a simulator that might be incompatible with this API 
WARNING: Client API version     = 0.9.15 
WARNING: Simulator API version  = 0.9.15.2 
[11:49:59] FAILED (see data/chroma_key_dataset/run_capture_20260602_114611.log)
