################################################################
# CHROMA-KEY CAPTURE — 2026-06-02 13:23:19
################################################################
  towns          : Town06
  weather        : ClearNoon CloudyNoon WetNoon MidRainyNoon
  sun_alts       : 70 55 40 25
  distances      : 6 10 14 18
  lateral_offs   : -1.5 0 1.5
  heading_offs   : -5 0 5
  npc_count      : 0  (radius 60 m)
  spawn_pool     : 4
  leader         : vehicle.tesla.cybertruck
  follower       : vehicle.tesla.model3
  max_frames     : 5
  shuffle        : 1
  seed           : 0
  log            : data/chroma_key_dataset/run_capture_20260602_132319.log

WARNING: Version mismatch detected: You are trying to connect to a simulator that might be incompatible with this API 
WARNING: Client API version     = 0.9.15 
WARNING: Simulator API version  = 0.9.15.2 
Connecting to CARLA at localhost:2000 (timeout=180s) ...
Full grid: 2304 combinations across 1 towns
Sampled : 5 frame(s) (shuffled)
   Town06                5
Out     : /home/vortex/adversarial-patch-vehicle/data/chroma_key_dataset/capture_20260602_132320


--- Loading Town06 ---
  [..] 000001: spawn follower
  [..] 000001: spawn leader
  [..] 000001: spawn NPCs (count=0)
  [..] 000001: spawn camera
  [..] 000001: cam.listen
  [..] 000001: tick 5/25
  [..] 000001: tick 10/25
  [..] 000001: tick 15/25
  [..] 000001: tick 20/25
  [..] 000001: tick 25/25
  [..] 000001: waiting for image callback
  [OK] 000001.png  (Town06, ClearNoon, sun=25°, dist=18m, lat=+1.5, hdg=-5°, npcs=0)
  [..] 000001: finally start
  [..] 000001: drain tick
  [..] 000001: destroy cam
  [..] 000001: destroy 0 npcs
  [..] 000001: destroy leader
  [..] 000001: destroy follower
  [..] 000001: post-cleanup tick
  [..] 000001: finally end
  [..] 000002: spawn follower
  [..] 000002: spawn leader
  [..] 000002: spawn NPCs (count=0)
  [..] 000002: spawn camera
  [..] 000002: cam.listen
  [..] 000002: tick 5/25
  [..] 000002: tick 10/25
  [..] 000002: tick 15/25
  [..] 000002: tick 20/25
  [..] 000002: tick 25/25
  [..] 000002: waiting for image callback
  [OK] 000002.png  (Town06, ClearNoon, sun=70°, dist=10m, lat=+0.0, hdg=-5°, npcs=0)
  [..] 000002: finally start
  [..] 000002: drain tick
  [..] 000002: destroy cam
  [..] 000002: destroy 0 npcs
  [..] 000002: destroy leader
  [..] 000002: destroy follower
  [..] 000002: post-cleanup tick
  [..] 000002: finally end
  [..] 000003: spawn follower
  [..] 000003: spawn leader
  [..] 000003: spawn NPCs (count=0)
  [..] 000003: spawn camera
  [..] 000003: cam.listen
  [..] 000003: tick 5/25
  [..] 000003: tick 10/25
  [..] 000003: tick 15/25
  [..] 000003: tick 20/25
  [..] 000003: tick 25/25
  [..] 000003: waiting for image callback
  [OK] 000003.png  (Town06, WetNoon, sun=40°, dist=14m, lat=+1.5, hdg=-5°, npcs=0)
  [..] 000003: finally start
  [..] 000003: drain tick
  [..] 000003: destroy cam
  [..] 000003: destroy 0 npcs
  [..] 000003: destroy leader
  [..] 000003: destroy follower
  [..] 000003: post-cleanup tick
  [..] 000003: finally end
  [..] 000004: spawn follower
  [..] 000004: spawn leader
  [..] 000004: spawn NPCs (count=0)
  [..] 000004: spawn camera
  [..] 000004: cam.listen
  [..] 000004: tick 5/25
  [..] 000004: tick 10/25
  [..] 000004: tick 15/25
  [..] 000004: tick 20/25
  [..] 000004: tick 25/25
  [..] 000004: waiting for image callback
  [OK] 000004.png  (Town06, ClearNoon, sun=55°, dist=6m, lat=-1.5, hdg=-5°, npcs=0)
  [..] 000004: finally start
  [..] 000004: drain tick
  [..] 000004: destroy cam
  [..] 000004: destroy 0 npcs
  [..] 000004: destroy leader
  [..] 000004: destroy follower
  [..] 000004: post-cleanup tick
  [..] 000004: finally end
  [..] 000005: spawn follower
  [..] 000005: spawn leader
  [..] 000005: spawn NPCs (count=0)
  [..] 000005: spawn camera
  [..] 000005: cam.listen
  [..] 000005: tick 5/25
  [..] 000005: tick 10/25
  [..] 000005: tick 15/25
  [..] 000005: tick 20/25
  [..] 000005: tick 25/25
  [..] 000005: waiting for image callback
  [OK] 000005.png  (Town06, ClearNoon, sun=55°, dist=18m, lat=+0.0, hdg=-5°, npcs=0)
  [..] 000005: finally start
  [..] 000005: drain tick
  [..] 000005: destroy cam
  [..] 000005: destroy 0 npcs
  [..] 000005: destroy leader
  [..] 000005: destroy follower
  [..] 000005: post-cleanup tick
  [..] 000005: finally end

Done. 5 frame(s) attempted → /home/vortex/adversarial-patch-vehicle/data/chroma_key_dataset/capture_20260602_132320
Index: /home/vortex/adversarial-patch-vehicle/data/chroma_key_dataset/capture_20260602_132320/captures_index.csv
[13:23:33] DONE
