################################################################
# CHROMA-KEY CAPTURE — 2026-06-02 12:32:37
################################################################
  towns          : Town06
  weather        : ClearNoon CloudyNoon WetNoon MidRainyNoon
  sun_alts       : 70 55 40 25
  distances      : 6 10 14 18
  lateral_offs   : -1.5 0 1.5
  heading_offs   : -5 0 5
  npc_count      : 10  (radius 60 m)
  spawn_pool     : 4
  leader         : vehicle.tesla.cybertruck
  follower       : vehicle.tesla.model3
  max_frames     : 10
  shuffle        : 1
  seed           : 0
  log            : data/chroma_key_dataset/run_capture_20260602_123237.log

WARNING: Version mismatch detected: You are trying to connect to a simulator that might be incompatible with this API 
WARNING: Client API version     = 0.9.15 
WARNING: Simulator API version  = 0.9.15.2 
Connecting to CARLA at localhost:2000 (timeout=180s) ...
Full grid: 2304 combinations across 1 towns
Sampled : 10 frame(s) (shuffled)
   Town06                10
Out     : /home/vortex/adversarial-patch-vehicle/data/chroma_key_dataset/capture_20260602_123237


--- Loading Town06 ---
  [..] 000001: spawn follower
  [..] 000001: spawn leader
  [..] 000001: spawn NPCs (count=10)
  [..] 000001: spawn camera
  [..] 000001: cam.listen + settle 25 ticks
terminate called after throwing an instance of 'std::runtime_error'
  what():  trying to operate on a destroyed actor; an actor's function was called, but the actor is already destroyed.
[12:32:48] DONE
