# yolo_chroma_attack — train run
args: {'run_dir': PosixPath('data/chroma_key_dataset/capture_20260609_014138_marker'), 'out_dir': PosixPath('experiments/yolo_attack/run02_20260609_093207'), 'yolo_weights': 'yolov8n.pt', 'image_size': 640, 'patch_h': 256, 'patch_w': 512, 'batch_size': 16, 'epochs': 100, 'lr': 0.05, 'target_expand_x': 2.5, 'target_expand_y': 2.5, 'eot_noise': 0.05, 'topk': 20, 'cosine_lr': True, 'lr_min': 0.001, 'num_workers': 4, 'device': 'cuda', 'patch_init': 'uniform', 'eval_every': 1, 'seed': 0}
[init] val (10 batches): loss=0.1734  mean_veh_score_in_box=0.0040
  step     0  ep  0  loss=0.1442  veh_in_box=0.0044
  step    20  ep  0  loss=0.2195  veh_in_box=0.0046
  step    40  ep  0  loss=0.1464  veh_in_box=0.0023
  step    60  ep  0  loss=0.1830  veh_in_box=0.0030
  step    80  ep  0  loss=0.1356  veh_in_box=0.0023
[ep  1/100] train_loss=0.1499  val_loss=0.1320  val_veh_score=0.0028  elapsed=0.2 min
  step   100  ep  1  loss=0.1823  veh_in_box=0.0035
  step   120  ep  1  loss=0.1246  veh_in_box=0.0019
  step   140  ep  1  loss=0.1688  veh_in_box=0.0047
  step   160  ep  1  loss=0.1215  veh_in_box=0.0036
[ep  2/100] train_loss=0.1230  val_loss=0.1229  val_veh_score=0.0026  elapsed=0.5 min
  step   180  ep  2  loss=0.0785  veh_in_box=0.0023
  step   200  ep  2  loss=0.1577  veh_in_box=0.0042
  step   220  ep  2  loss=0.1552  veh_in_box=0.0030
  step   240  ep  2  loss=0.1209  veh_in_box=0.0025
  step   260  ep  2  loss=0.1135  veh_in_box=0.0030
[ep  3/100] train_loss=0.1137  val_loss=0.1163  val_veh_score=0.0025  elapsed=0.8 min
  step   280  ep  3  loss=0.0867  veh_in_box=0.0020
  step   300  ep  3  loss=0.0786  veh_in_box=0.0015
  step   320  ep  3  loss=0.1186  veh_in_box=0.0040
  step   340  ep  3  loss=0.2292  veh_in_box=0.0024
[ep  4/100] train_loss=0.1094  val_loss=0.1144  val_veh_score=0.0024  elapsed=1.1 min
  step   360  ep  4  loss=0.0893  veh_in_box=0.0017
  step   380  ep  4  loss=0.1328  veh_in_box=0.0036
  step   400  ep  4  loss=0.1105  veh_in_box=0.0032
  step   420  ep  4  loss=0.0907  veh_in_box=0.0031
  step   440  ep  4  loss=0.0932  veh_in_box=0.0036
[ep  5/100] train_loss=0.1045  val_loss=0.1089  val_veh_score=0.0023  elapsed=1.4 min
  step   460  ep  5  loss=0.0984  veh_in_box=0.0031
  step   480  ep  5  loss=0.1536  veh_in_box=0.0035
  step   500  ep  5  loss=0.1288  veh_in_box=0.0022
  step   520  ep  5  loss=0.0866  veh_in_box=0.0037
[ep  6/100] train_loss=0.1000  val_loss=0.1054  val_veh_score=0.0022  elapsed=1.6 min
  step   540  ep  6  loss=0.1595  veh_in_box=0.0034
  step   560  ep  6  loss=0.1128  veh_in_box=0.0026
  step   580  ep  6  loss=0.1193  veh_in_box=0.0030
  step   600  ep  6  loss=0.0671  veh_in_box=0.0017
  step   620  ep  6  loss=0.1044  veh_in_box=0.0021
[ep  7/100] train_loss=0.0992  val_loss=0.1049  val_veh_score=0.0022  elapsed=1.9 min
  step   640  ep  7  loss=0.1042  veh_in_box=0.0027
  step   660  ep  7  loss=0.0659  veh_in_box=0.0022
  step   680  ep  7  loss=0.0922  veh_in_box=0.0011
  step   700  ep  7  loss=0.0917  veh_in_box=0.0032
[ep  8/100] train_loss=0.0964  val_loss=0.1020  val_veh_score=0.0021  elapsed=2.2 min
  step   720  ep  8  loss=0.0901  veh_in_box=0.0019
  step   740  ep  8  loss=0.1037  veh_in_box=0.0039
  step   760  ep  8  loss=0.1912  veh_in_box=0.0034
  step   780  ep  8  loss=0.0722  veh_in_box=0.0013
  step   800  ep  8  loss=0.1412  veh_in_box=0.0049
[ep  9/100] train_loss=0.0952  val_loss=0.1005  val_veh_score=0.0021  elapsed=2.5 min
  step   820  ep  9  loss=0.1060  veh_in_box=0.0018
  step   840  ep  9  loss=0.0734  veh_in_box=0.0016
  step   860  ep  9  loss=0.1003  veh_in_box=0.0036
  step   880  ep  9  loss=0.0902  veh_in_box=0.0027
[ep 10/100] train_loss=0.0937  val_loss=0.1013  val_veh_score=0.0021  elapsed=2.8 min
  step   900  ep 10  loss=0.0933  veh_in_box=0.0014
  step   920  ep 10  loss=0.1447  veh_in_box=0.0045
  step   940  ep 10  loss=0.0708  veh_in_box=0.0020
  step   960  ep 10  loss=0.1006  veh_in_box=0.0023
[ep 11/100] train_loss=0.0905  val_loss=0.0983  val_veh_score=0.0021  elapsed=3.0 min
  step   980  ep 11  loss=0.0771  veh_in_box=0.0015
  step  1000  ep 11  loss=0.1126  veh_in_box=0.0024
  step  1020  ep 11  loss=0.1386  veh_in_box=0.0025
  step  1040  ep 11  loss=0.0614  veh_in_box=0.0011
  step  1060  ep 11  loss=0.0947  veh_in_box=0.0020
[ep 12/100] train_loss=0.0891  val_loss=0.0944  val_veh_score=0.0020  elapsed=3.3 min
  step  1080  ep 12  loss=0.0916  veh_in_box=0.0010
  step  1100  ep 12  loss=0.0943  veh_in_box=0.0038
  step  1120  ep 12  loss=0.0824  veh_in_box=0.0019
  step  1140  ep 12  loss=0.0994  veh_in_box=0.0013
[ep 13/100] train_loss=0.0865  val_loss=0.0967  val_veh_score=0.0020  elapsed=3.6 min
  step  1160  ep 13  loss=0.1141  veh_in_box=0.0021
  step  1180  ep 13  loss=0.0671  veh_in_box=0.0009
  step  1200  ep 13  loss=0.0688  veh_in_box=0.0018
  step  1220  ep 13  loss=0.0919  veh_in_box=0.0016
  step  1240  ep 13  loss=0.1469  veh_in_box=0.0026
[ep 14/100] train_loss=0.0884  val_loss=0.0938  val_veh_score=0.0020  elapsed=3.9 min
  step  1260  ep 14  loss=0.0952  veh_in_box=0.0012
  step  1280  ep 14  loss=0.0511  veh_in_box=0.0016
  step  1300  ep 14  loss=0.0448  veh_in_box=0.0017
  step  1320  ep 14  loss=0.1095  veh_in_box=0.0025
[ep 15/100] train_loss=0.0856  val_loss=0.0935  val_veh_score=0.0020  elapsed=4.2 min
  step  1340  ep 15  loss=0.0430  veh_in_box=0.0013
  step  1360  ep 15  loss=0.0469  veh_in_box=0.0009
  step  1380  ep 15  loss=0.0973  veh_in_box=0.0037
  step  1400  ep 15  loss=0.1248  veh_in_box=0.0039
  step  1420  ep 15  loss=0.1007  veh_in_box=0.0043
[ep 16/100] train_loss=0.0845  val_loss=0.0935  val_veh_score=0.0019  elapsed=4.4 min
  step  1440  ep 16  loss=0.0651  veh_in_box=0.0015
  step  1460  ep 16  loss=0.0809  veh_in_box=0.0026
  step  1480  ep 16  loss=0.1095  veh_in_box=0.0021
  step  1500  ep 16  loss=0.0346  veh_in_box=0.0005
[ep 17/100] train_loss=0.0838  val_loss=0.0917  val_veh_score=0.0019  elapsed=4.7 min
  step  1520  ep 17  loss=0.0944  veh_in_box=0.0025
  step  1540  ep 17  loss=0.0412  veh_in_box=0.0011
  step  1560  ep 17  loss=0.0595  veh_in_box=0.0013
  step  1580  ep 17  loss=0.1360  veh_in_box=0.0031
  step  1600  ep 17  loss=0.0732  veh_in_box=0.0025
[ep 18/100] train_loss=0.0853  val_loss=0.0891  val_veh_score=0.0019  elapsed=5.0 min
  step  1620  ep 18  loss=0.0270  veh_in_box=0.0006
  step  1640  ep 18  loss=0.1247  veh_in_box=0.0027
  step  1660  ep 18  loss=0.0484  veh_in_box=0.0017
  step  1680  ep 18  loss=0.1120  veh_in_box=0.0022
[ep 19/100] train_loss=0.0823  val_loss=0.0880  val_veh_score=0.0018  elapsed=5.3 min
  step  1700  ep 19  loss=0.1036  veh_in_box=0.0021
  step  1720  ep 19  loss=0.0551  veh_in_box=0.0012
  step  1740  ep 19  loss=0.0870  veh_in_box=0.0018
  step  1760  ep 19  loss=0.0925  veh_in_box=0.0024
[ep 20/100] train_loss=0.0828  val_loss=0.0858  val_veh_score=0.0018  elapsed=5.6 min
  step  1780  ep 20  loss=0.0646  veh_in_box=0.0012
  step  1800  ep 20  loss=0.1411  veh_in_box=0.0020
  step  1820  ep 20  loss=0.1166  veh_in_box=0.0034
  step  1840  ep 20  loss=0.0595  veh_in_box=0.0017
  step  1860  ep 20  loss=0.0999  veh_in_box=0.0017
[ep 21/100] train_loss=0.0796  val_loss=0.0862  val_veh_score=0.0018  elapsed=5.8 min
  step  1880  ep 21  loss=0.1240  veh_in_box=0.0043
  step  1900  ep 21  loss=0.0888  veh_in_box=0.0025
  step  1920  ep 21  loss=0.0871  veh_in_box=0.0016
  step  1940  ep 21  loss=0.0762  veh_in_box=0.0029
[ep 22/100] train_loss=0.0794  val_loss=0.0840  val_veh_score=0.0017  elapsed=6.1 min
  step  1960  ep 22  loss=0.0904  veh_in_box=0.0021
  step  1980  ep 22  loss=0.0860  veh_in_box=0.0019
  step  2000  ep 22  loss=0.0703  veh_in_box=0.0026
  step  2020  ep 22  loss=0.0879  veh_in_box=0.0017
  step  2040  ep 22  loss=0.0729  veh_in_box=0.0019
[ep 23/100] train_loss=0.0781  val_loss=0.0836  val_veh_score=0.0018  elapsed=6.4 min
  step  2060  ep 23  loss=0.0481  veh_in_box=0.0013
  step  2080  ep 23  loss=0.0760  veh_in_box=0.0021
  step  2100  ep 23  loss=0.0779  veh_in_box=0.0018
  step  2120  ep 23  loss=0.0778  veh_in_box=0.0016
[ep 24/100] train_loss=0.0765  val_loss=0.0802  val_veh_score=0.0017  elapsed=6.7 min
  step  2140  ep 24  loss=0.1848  veh_in_box=0.0021
  step  2160  ep 24  loss=0.0236  veh_in_box=0.0006
  step  2180  ep 24  loss=0.0386  veh_in_box=0.0008
  step  2200  ep 24  loss=0.0322  veh_in_box=0.0007
  step  2220  ep 24  loss=0.0504  veh_in_box=0.0011
[ep 25/100] train_loss=0.0753  val_loss=0.0792  val_veh_score=0.0017  elapsed=7.0 min
  step  2240  ep 25  loss=0.0868  veh_in_box=0.0020
  step  2260  ep 25  loss=0.0963  veh_in_box=0.0025
  step  2280  ep 25  loss=0.0762  veh_in_box=0.0022
  step  2300  ep 25  loss=0.0763  veh_in_box=0.0025
[ep 26/100] train_loss=0.0727  val_loss=0.0785  val_veh_score=0.0016  elapsed=7.2 min
  step  2320  ep 26  loss=0.0286  veh_in_box=0.0008
  step  2340  ep 26  loss=0.0423  veh_in_box=0.0010
  step  2360  ep 26  loss=0.0883  veh_in_box=0.0022
  step  2380  ep 26  loss=0.1050  veh_in_box=0.0023
  step  2400  ep 26  loss=0.0974  veh_in_box=0.0022
[ep 27/100] train_loss=0.0703  val_loss=0.0758  val_veh_score=0.0016  elapsed=7.5 min
  step  2420  ep 27  loss=0.0538  veh_in_box=0.0016
  step  2440  ep 27  loss=0.1059  veh_in_box=0.0014
  step  2460  ep 27  loss=0.0447  veh_in_box=0.0011
  step  2480  ep 27  loss=0.0532  veh_in_box=0.0011
[ep 28/100] train_loss=0.0681  val_loss=0.0724  val_veh_score=0.0015  elapsed=7.8 min
  step  2500  ep 28  loss=0.0333  veh_in_box=0.0016
  step  2520  ep 28  loss=0.0671  veh_in_box=0.0026
  step  2540  ep 28  loss=0.1140  veh_in_box=0.0023
  step  2560  ep 28  loss=0.0545  veh_in_box=0.0009
  step  2580  ep 28  loss=0.0421  veh_in_box=0.0007
[ep 29/100] train_loss=0.0647  val_loss=0.0713  val_veh_score=0.0015  elapsed=8.1 min
  step  2600  ep 29  loss=0.0446  veh_in_box=0.0015
  step  2620  ep 29  loss=0.0565  veh_in_box=0.0009
  step  2640  ep 29  loss=0.0751  veh_in_box=0.0021
  step  2660  ep 29  loss=0.1192  veh_in_box=0.0034
[ep 30/100] train_loss=0.0648  val_loss=0.0694  val_veh_score=0.0014  elapsed=8.3 min
  step  2680  ep 30  loss=0.1342  veh_in_box=0.0024
  step  2700  ep 30  loss=0.0677  veh_in_box=0.0015
  step  2720  ep 30  loss=0.0782  veh_in_box=0.0017
  step  2740  ep 30  loss=0.0754  veh_in_box=0.0022
[ep 31/100] train_loss=0.0644  val_loss=0.0706  val_veh_score=0.0015  elapsed=8.6 min
  step  2760  ep 31  loss=0.0618  veh_in_box=0.0016
  step  2780  ep 31  loss=0.0271  veh_in_box=0.0008
  step  2800  ep 31  loss=0.0827  veh_in_box=0.0014
  step  2820  ep 31  loss=0.1535  veh_in_box=0.0016
  step  2840  ep 31  loss=0.0593  veh_in_box=0.0012
[ep 32/100] train_loss=0.0643  val_loss=0.0691  val_veh_score=0.0014  elapsed=8.9 min
  step  2860  ep 32  loss=0.0531  veh_in_box=0.0010
  step  2880  ep 32  loss=0.0681  veh_in_box=0.0014
  step  2900  ep 32  loss=0.0644  veh_in_box=0.0018
  step  2920  ep 32  loss=0.0349  veh_in_box=0.0010
[ep 33/100] train_loss=0.0635  val_loss=0.0695  val_veh_score=0.0014  elapsed=9.2 min
  step  2940  ep 33  loss=0.0902  veh_in_box=0.0024
  step  2960  ep 33  loss=0.0661  veh_in_box=0.0008
  step  2980  ep 33  loss=0.0834  veh_in_box=0.0022
  step  3000  ep 33  loss=0.0464  veh_in_box=0.0017
  step  3020  ep 33  loss=0.0520  veh_in_box=0.0006
[ep 34/100] train_loss=0.0616  val_loss=0.0685  val_veh_score=0.0014  elapsed=9.5 min
  step  3040  ep 34  loss=0.0261  veh_in_box=0.0009
  step  3060  ep 34  loss=0.0673  veh_in_box=0.0025
  step  3080  ep 34  loss=0.0869  veh_in_box=0.0026
  step  3100  ep 34  loss=0.0792  veh_in_box=0.0018
[ep 35/100] train_loss=0.0600  val_loss=0.0667  val_veh_score=0.0014  elapsed=9.7 min
  step  3120  ep 35  loss=0.0343  veh_in_box=0.0007
  step  3140  ep 35  loss=0.0231  veh_in_box=0.0006
  step  3160  ep 35  loss=0.0575  veh_in_box=0.0012
  step  3180  ep 35  loss=0.0550  veh_in_box=0.0009
  step  3200  ep 35  loss=0.0853  veh_in_box=0.0028
[ep 36/100] train_loss=0.0588  val_loss=0.0660  val_veh_score=0.0014  elapsed=10.0 min
  step  3220  ep 36  loss=0.0175  veh_in_box=0.0006
  step  3240  ep 36  loss=0.0357  veh_in_box=0.0007
  step  3260  ep 36  loss=0.0855  veh_in_box=0.0021
  step  3280  ep 36  loss=0.0451  veh_in_box=0.0013
[ep 37/100] train_loss=0.0579  val_loss=0.0643  val_veh_score=0.0013  elapsed=10.3 min
  step  3300  ep 37  loss=0.0499  veh_in_box=0.0010
  step  3320  ep 37  loss=0.0467  veh_in_box=0.0017
  step  3340  ep 37  loss=0.0207  veh_in_box=0.0004
  step  3360  ep 37  loss=0.0865  veh_in_box=0.0015
  step  3380  ep 37  loss=0.0382  veh_in_box=0.0011
[ep 38/100] train_loss=0.0558  val_loss=0.0645  val_veh_score=0.0013  elapsed=10.6 min
  step  3400  ep 38  loss=0.0809  veh_in_box=0.0024
  step  3420  ep 38  loss=0.0562  veh_in_box=0.0017
  step  3440  ep 38  loss=0.0466  veh_in_box=0.0008
  step  3460  ep 38  loss=0.0459  veh_in_box=0.0017
[ep 39/100] train_loss=0.0538  val_loss=0.0623  val_veh_score=0.0013  elapsed=10.9 min
  step  3480  ep 39  loss=0.0363  veh_in_box=0.0008
  step  3500  ep 39  loss=0.0687  veh_in_box=0.0014
  step  3520  ep 39  loss=0.0521  veh_in_box=0.0013
  step  3540  ep 39  loss=0.0317  veh_in_box=0.0016
[ep 40/100] train_loss=0.0520  val_loss=0.0615  val_veh_score=0.0013  elapsed=11.1 min
  step  3560  ep 40  loss=0.0558  veh_in_box=0.0019
  step  3580  ep 40  loss=0.0568  veh_in_box=0.0016
  step  3600  ep 40  loss=0.0312  veh_in_box=0.0007
  step  3620  ep 40  loss=0.0706  veh_in_box=0.0016
  step  3640  ep 40  loss=0.0548  veh_in_box=0.0017
[ep 41/100] train_loss=0.0536  val_loss=0.0608  val_veh_score=0.0013  elapsed=11.4 min
  step  3660  ep 41  loss=0.0228  veh_in_box=0.0005
  step  3680  ep 41  loss=0.0548  veh_in_box=0.0023
  step  3700  ep 41  loss=0.0597  veh_in_box=0.0023
  step  3720  ep 41  loss=0.0138  veh_in_box=0.0002
[ep 42/100] train_loss=0.0540  val_loss=0.0616  val_veh_score=0.0013  elapsed=11.7 min
  step  3740  ep 42  loss=0.0487  veh_in_box=0.0015
  step  3760  ep 42  loss=0.0310  veh_in_box=0.0012
  step  3780  ep 42  loss=0.0388  veh_in_box=0.0015
  step  3800  ep 42  loss=0.0533  veh_in_box=0.0014
  step  3820  ep 42  loss=0.0252  veh_in_box=0.0009
[ep 43/100] train_loss=0.0508  val_loss=0.0590  val_veh_score=0.0012  elapsed=12.0 min
  step  3840  ep 43  loss=0.0289  veh_in_box=0.0008
  step  3860  ep 43  loss=0.0352  veh_in_box=0.0010
  step  3880  ep 43  loss=0.0452  veh_in_box=0.0006
  step  3900  ep 43  loss=0.0387  veh_in_box=0.0008
[ep 44/100] train_loss=0.0485  val_loss=0.0571  val_veh_score=0.0012  elapsed=12.3 min
  step  3920  ep 44  loss=0.0576  veh_in_box=0.0017
  step  3940  ep 44  loss=0.0397  veh_in_box=0.0012
  step  3960  ep 44  loss=0.0125  veh_in_box=0.0005
  step  3980  ep 44  loss=0.0458  veh_in_box=0.0017
  step  4000  ep 44  loss=0.0442  veh_in_box=0.0014
[ep 45/100] train_loss=0.0458  val_loss=0.0568  val_veh_score=0.0012  elapsed=12.5 min
  step  4020  ep 45  loss=0.0683  veh_in_box=0.0025
  step  4040  ep 45  loss=0.0569  veh_in_box=0.0016
  step  4060  ep 45  loss=0.0583  veh_in_box=0.0020
  step  4080  ep 45  loss=0.0361  veh_in_box=0.0009
[ep 46/100] train_loss=0.0462  val_loss=0.0567  val_veh_score=0.0012  elapsed=12.8 min
  step  4100  ep 46  loss=0.0506  veh_in_box=0.0015
  step  4120  ep 46  loss=0.0276  veh_in_box=0.0012
  step  4140  ep 46  loss=0.0498  veh_in_box=0.0020
  step  4160  ep 46  loss=0.0443  veh_in_box=0.0017
  step  4180  ep 46  loss=0.0386  veh_in_box=0.0011
[ep 47/100] train_loss=0.0457  val_loss=0.0559  val_veh_score=0.0011  elapsed=13.1 min
  step  4200  ep 47  loss=0.0340  veh_in_box=0.0007
  step  4220  ep 47  loss=0.0518  veh_in_box=0.0014
  step  4240  ep 47  loss=0.0564  veh_in_box=0.0010
  step  4260  ep 47  loss=0.0429  veh_in_box=0.0009
[ep 48/100] train_loss=0.0433  val_loss=0.0542  val_veh_score=0.0011  elapsed=13.4 min
  step  4280  ep 48  loss=0.0690  veh_in_box=0.0028
  step  4300  ep 48  loss=0.0950  veh_in_box=0.0023
  step  4320  ep 48  loss=0.0315  veh_in_box=0.0005
  step  4340  ep 48  loss=0.0581  veh_in_box=0.0017
  step  4360  ep 48  loss=0.0298  veh_in_box=0.0009
[ep 49/100] train_loss=0.0436  val_loss=0.0546  val_veh_score=0.0011  elapsed=13.6 min
  step  4380  ep 49  loss=0.0372  veh_in_box=0.0009
  step  4400  ep 49  loss=0.0450  veh_in_box=0.0010
  step  4420  ep 49  loss=0.0640  veh_in_box=0.0014
  step  4440  ep 49  loss=0.0257  veh_in_box=0.0008
[ep 50/100] train_loss=0.0420  val_loss=0.0539  val_veh_score=0.0011  elapsed=13.9 min
  step  4460  ep 50  loss=0.0302  veh_in_box=0.0013
  step  4480  ep 50  loss=0.0176  veh_in_box=0.0004
  step  4500  ep 50  loss=0.0220  veh_in_box=0.0008
  step  4520  ep 50  loss=0.0242  veh_in_box=0.0006
[ep 51/100] train_loss=0.0410  val_loss=0.0533  val_veh_score=0.0011  elapsed=14.2 min
  step  4540  ep 51  loss=0.0593  veh_in_box=0.0009
  step  4560  ep 51  loss=0.0108  veh_in_box=0.0002
  step  4580  ep 51  loss=0.0189  veh_in_box=0.0009
  step  4600  ep 51  loss=0.0509  veh_in_box=0.0009
  step  4620  ep 51  loss=0.0298  veh_in_box=0.0011
[ep 52/100] train_loss=0.0412  val_loss=0.0525  val_veh_score=0.0011  elapsed=14.5 min
  step  4640  ep 52  loss=0.0444  veh_in_box=0.0008
  step  4660  ep 52  loss=0.0214  veh_in_box=0.0009
  step  4680  ep 52  loss=0.0490  veh_in_box=0.0007
  step  4700  ep 52  loss=0.0732  veh_in_box=0.0015
[ep 53/100] train_loss=0.0402  val_loss=0.0520  val_veh_score=0.0011  elapsed=14.8 min
  step  4720  ep 53  loss=0.0471  veh_in_box=0.0011
  step  4740  ep 53  loss=0.0177  veh_in_box=0.0004
  step  4760  ep 53  loss=0.0627  veh_in_box=0.0023
  step  4780  ep 53  loss=0.0095  veh_in_box=0.0003
  step  4800  ep 53  loss=0.0480  veh_in_box=0.0012
[ep 54/100] train_loss=0.0400  val_loss=0.0512  val_veh_score=0.0011  elapsed=15.0 min
  step  4820  ep 54  loss=0.0422  veh_in_box=0.0013
  step  4840  ep 54  loss=0.0233  veh_in_box=0.0004
  step  4860  ep 54  loss=0.0243  veh_in_box=0.0008
  step  4880  ep 54  loss=0.0452  veh_in_box=0.0010
[ep 55/100] train_loss=0.0397  val_loss=0.0505  val_veh_score=0.0010  elapsed=15.3 min
  step  4900  ep 55  loss=0.0584  veh_in_box=0.0018
  step  4920  ep 55  loss=0.0642  veh_in_box=0.0019
  step  4940  ep 55  loss=0.0691  veh_in_box=0.0013
  step  4960  ep 55  loss=0.0210  veh_in_box=0.0005
  step  4980  ep 55  loss=0.0133  veh_in_box=0.0003
[ep 56/100] train_loss=0.0380  val_loss=0.0497  val_veh_score=0.0010  elapsed=15.6 min
  step  5000  ep 56  loss=0.0212  veh_in_box=0.0008
  step  5020  ep 56  loss=0.0354  veh_in_box=0.0007
  step  5040  ep 56  loss=0.0326  veh_in_box=0.0009
  step  5060  ep 56  loss=0.0241  veh_in_box=0.0013
[ep 57/100] train_loss=0.0373  val_loss=0.0496  val_veh_score=0.0010  elapsed=15.9 min
  step  5080  ep 57  loss=0.0148  veh_in_box=0.0003
  step  5100  ep 57  loss=0.0319  veh_in_box=0.0010
  step  5120  ep 57  loss=0.0529  veh_in_box=0.0013
  step  5140  ep 57  loss=0.0442  veh_in_box=0.0008
  step  5160  ep 57  loss=0.0372  veh_in_box=0.0012
[ep 58/100] train_loss=0.0361  val_loss=0.0485  val_veh_score=0.0010  elapsed=16.2 min
  step  5180  ep 58  loss=0.0330  veh_in_box=0.0012
  step  5200  ep 58  loss=0.0087  veh_in_box=0.0005
  step  5220  ep 58  loss=0.0674  veh_in_box=0.0013
  step  5240  ep 58  loss=0.0365  veh_in_box=0.0010
[ep 59/100] train_loss=0.0358  val_loss=0.0485  val_veh_score=0.0010  elapsed=16.4 min
  step  5260  ep 59  loss=0.0504  veh_in_box=0.0012
  step  5280  ep 59  loss=0.0877  veh_in_box=0.0016
  step  5300  ep 59  loss=0.0139  veh_in_box=0.0005
  step  5320  ep 59  loss=0.0227  veh_in_box=0.0006
[ep 60/100] train_loss=0.0355  val_loss=0.0482  val_veh_score=0.0010  elapsed=16.7 min
  step  5340  ep 60  loss=0.0410  veh_in_box=0.0007
  step  5360  ep 60  loss=0.0392  veh_in_box=0.0014
  step  5380  ep 60  loss=0.0239  veh_in_box=0.0004
  step  5400  ep 60  loss=0.0301  veh_in_box=0.0007
  step  5420  ep 60  loss=0.0674  veh_in_box=0.0013
[ep 61/100] train_loss=0.0351  val_loss=0.0470  val_veh_score=0.0010  elapsed=17.0 min
  step  5440  ep 61  loss=0.0097  veh_in_box=0.0003
  step  5460  ep 61  loss=0.0565  veh_in_box=0.0011
  step  5480  ep 61  loss=0.0428  veh_in_box=0.0006
  step  5500  ep 61  loss=0.0115  veh_in_box=0.0005
[ep 62/100] train_loss=0.0342  val_loss=0.0463  val_veh_score=0.0009  elapsed=17.3 min
  step  5520  ep 62  loss=0.0455  veh_in_box=0.0014
  step  5540  ep 62  loss=0.0595  veh_in_box=0.0013
  step  5560  ep 62  loss=0.0196  veh_in_box=0.0003
  step  5580  ep 62  loss=0.0262  veh_in_box=0.0010
  step  5600  ep 62  loss=0.0366  veh_in_box=0.0006
[ep 63/100] train_loss=0.0326  val_loss=0.0453  val_veh_score=0.0009  elapsed=17.5 min
  step  5620  ep 63  loss=0.0381  veh_in_box=0.0008
  step  5640  ep 63  loss=0.0410  veh_in_box=0.0011
  step  5660  ep 63  loss=0.0286  veh_in_box=0.0008
  step  5680  ep 63  loss=0.0509  veh_in_box=0.0021
[ep 64/100] train_loss=0.0322  val_loss=0.0446  val_veh_score=0.0009  elapsed=17.8 min
  step  5700  ep 64  loss=0.0336  veh_in_box=0.0008
  step  5720  ep 64  loss=0.0391  veh_in_box=0.0008
  step  5740  ep 64  loss=0.0560  veh_in_box=0.0021
  step  5760  ep 64  loss=0.0581  veh_in_box=0.0011
  step  5780  ep 64  loss=0.0504  veh_in_box=0.0022
[ep 65/100] train_loss=0.0314  val_loss=0.0442  val_veh_score=0.0009  elapsed=18.1 min
  step  5800  ep 65  loss=0.0231  veh_in_box=0.0009
  step  5820  ep 65  loss=0.0214  veh_in_box=0.0004
  step  5840  ep 65  loss=0.0470  veh_in_box=0.0011
  step  5860  ep 65  loss=0.0543  veh_in_box=0.0014
[ep 66/100] train_loss=0.0323  val_loss=0.0442  val_veh_score=0.0009  elapsed=18.4 min
  step  5880  ep 66  loss=0.0358  veh_in_box=0.0008
  step  5900  ep 66  loss=0.0484  veh_in_box=0.0011
  step  5920  ep 66  loss=0.0591  veh_in_box=0.0011
  step  5940  ep 66  loss=0.0402  veh_in_box=0.0007
  step  5960  ep 66  loss=0.0126  veh_in_box=0.0004
[ep 67/100] train_loss=0.0314  val_loss=0.0438  val_veh_score=0.0009  elapsed=18.7 min
  step  5980  ep 67  loss=0.0150  veh_in_box=0.0004
  step  6000  ep 67  loss=0.0114  veh_in_box=0.0003
  step  6020  ep 67  loss=0.0309  veh_in_box=0.0007
  step  6040  ep 67  loss=0.0137  veh_in_box=0.0002
[ep 68/100] train_loss=0.0303  val_loss=0.0436  val_veh_score=0.0009  elapsed=18.9 min
  step  6060  ep 68  loss=0.0240  veh_in_box=0.0006
  step  6080  ep 68  loss=0.0126  veh_in_box=0.0003
  step  6100  ep 68  loss=0.0488  veh_in_box=0.0014
  step  6120  ep 68  loss=0.0415  veh_in_box=0.0005
  step  6140  ep 68  loss=0.0616  veh_in_box=0.0011
[ep 69/100] train_loss=0.0293  val_loss=0.0425  val_veh_score=0.0009  elapsed=19.2 min
  step  6160  ep 69  loss=0.0518  veh_in_box=0.0011
  step  6180  ep 69  loss=0.0075  veh_in_box=0.0002
  step  6200  ep 69  loss=0.0520  veh_in_box=0.0015
  step  6220  ep 69  loss=0.0247  veh_in_box=0.0003
[ep 70/100] train_loss=0.0296  val_loss=0.0431  val_veh_score=0.0009  elapsed=19.5 min
  step  6240  ep 70  loss=0.0365  veh_in_box=0.0011
  step  6260  ep 70  loss=0.0082  veh_in_box=0.0001
  step  6280  ep 70  loss=0.0105  veh_in_box=0.0002
  step  6300  ep 70  loss=0.0339  veh_in_box=0.0008
[ep 71/100] train_loss=0.0289  val_loss=0.0423  val_veh_score=0.0009  elapsed=19.8 min
  step  6320  ep 71  loss=0.0264  veh_in_box=0.0005
  step  6340  ep 71  loss=0.0306  veh_in_box=0.0014
  step  6360  ep 71  loss=0.0127  veh_in_box=0.0004
  step  6380  ep 71  loss=0.0407  veh_in_box=0.0009
  step  6400  ep 71  loss=0.0463  veh_in_box=0.0010
[ep 72/100] train_loss=0.0280  val_loss=0.0420  val_veh_score=0.0009  elapsed=20.1 min
  step  6420  ep 72  loss=0.0063  veh_in_box=0.0001
  step  6440  ep 72  loss=0.0074  veh_in_box=0.0001
  step  6460  ep 72  loss=0.0204  veh_in_box=0.0003
  step  6480  ep 72  loss=0.0452  veh_in_box=0.0011
[ep 73/100] train_loss=0.0277  val_loss=0.0414  val_veh_score=0.0009  elapsed=20.3 min
  step  6500  ep 73  loss=0.0348  veh_in_box=0.0009
  step  6520  ep 73  loss=0.0187  veh_in_box=0.0003
  step  6540  ep 73  loss=0.0333  veh_in_box=0.0008
  step  6560  ep 73  loss=0.0277  veh_in_box=0.0007
  step  6580  ep 73  loss=0.0117  veh_in_box=0.0003
[ep 74/100] train_loss=0.0270  val_loss=0.0412  val_veh_score=0.0008  elapsed=20.6 min
  step  6600  ep 74  loss=0.0089  veh_in_box=0.0003
  step  6620  ep 74  loss=0.0416  veh_in_box=0.0012
  step  6640  ep 74  loss=0.0270  veh_in_box=0.0007
  step  6660  ep 74  loss=0.0324  veh_in_box=0.0007
[ep 75/100] train_loss=0.0262  val_loss=0.0408  val_veh_score=0.0008  elapsed=20.9 min
  step  6680  ep 75  loss=0.0249  veh_in_box=0.0006
  step  6700  ep 75  loss=0.0204  veh_in_box=0.0004
  step  6720  ep 75  loss=0.0079  veh_in_box=0.0002
  step  6740  ep 75  loss=0.0350  veh_in_box=0.0005
  step  6760  ep 75  loss=0.0343  veh_in_box=0.0005
[ep 76/100] train_loss=0.0263  val_loss=0.0410  val_veh_score=0.0008  elapsed=21.2 min
  step  6780  ep 76  loss=0.0475  veh_in_box=0.0010
  step  6800  ep 76  loss=0.0257  veh_in_box=0.0005
  step  6820  ep 76  loss=0.0168  veh_in_box=0.0006
  step  6840  ep 76  loss=0.0178  veh_in_box=0.0008
[ep 77/100] train_loss=0.0257  val_loss=0.0406  val_veh_score=0.0008  elapsed=21.5 min
  step  6860  ep 77  loss=0.0382  veh_in_box=0.0010
  step  6880  ep 77  loss=0.0236  veh_in_box=0.0005
  step  6900  ep 77  loss=0.0175  veh_in_box=0.0004
  step  6920  ep 77  loss=0.0078  veh_in_box=0.0002
  step  6940  ep 77  loss=0.0326  veh_in_box=0.0013
[ep 78/100] train_loss=0.0253  val_loss=0.0403  val_veh_score=0.0008  elapsed=21.7 min
  step  6960  ep 78  loss=0.0135  veh_in_box=0.0003
  step  6980  ep 78  loss=0.0195  veh_in_box=0.0007
  step  7000  ep 78  loss=0.0113  veh_in_box=0.0002
  step  7020  ep 78  loss=0.0318  veh_in_box=0.0015
[ep 79/100] train_loss=0.0252  val_loss=0.0403  val_veh_score=0.0008  elapsed=22.0 min
  step  7040  ep 79  loss=0.0328  veh_in_box=0.0011
  step  7060  ep 79  loss=0.0252  veh_in_box=0.0006
  step  7080  ep 79  loss=0.0635  veh_in_box=0.0019
  step  7100  ep 79  loss=0.0351  veh_in_box=0.0010
[ep 80/100] train_loss=0.0237  val_loss=0.0399  val_veh_score=0.0008  elapsed=22.3 min
  step  7120  ep 80  loss=0.0211  veh_in_box=0.0008
  step  7140  ep 80  loss=0.0161  veh_in_box=0.0005
  step  7160  ep 80  loss=0.0162  veh_in_box=0.0006
  step  7180  ep 80  loss=0.0140  veh_in_box=0.0003
  step  7200  ep 80  loss=0.0072  veh_in_box=0.0003
[ep 81/100] train_loss=0.0255  val_loss=0.0400  val_veh_score=0.0008  elapsed=22.6 min
  step  7220  ep 81  loss=0.0351  veh_in_box=0.0009
  step  7240  ep 81  loss=0.0295  veh_in_box=0.0008
  step  7260  ep 81  loss=0.0163  veh_in_box=0.0003
  step  7280  ep 81  loss=0.0383  veh_in_box=0.0008
[ep 82/100] train_loss=0.0246  val_loss=0.0398  val_veh_score=0.0008  elapsed=22.9 min
  step  7300  ep 82  loss=0.0111  veh_in_box=0.0003
  step  7320  ep 82  loss=0.0359  veh_in_box=0.0012
  step  7340  ep 82  loss=0.0113  veh_in_box=0.0004
  step  7360  ep 82  loss=0.0346  veh_in_box=0.0006
  step  7380  ep 82  loss=0.0229  veh_in_box=0.0006
[ep 83/100] train_loss=0.0241  val_loss=0.0396  val_veh_score=0.0008  elapsed=23.1 min
  step  7400  ep 83  loss=0.0170  veh_in_box=0.0006
  step  7420  ep 83  loss=0.0279  veh_in_box=0.0008
  step  7440  ep 83  loss=0.0319  veh_in_box=0.0006
  step  7460  ep 83  loss=0.0181  veh_in_box=0.0002
[ep 84/100] train_loss=0.0241  val_loss=0.0394  val_veh_score=0.0008  elapsed=23.4 min
  step  7480  ep 84  loss=0.0664  veh_in_box=0.0021
  step  7500  ep 84  loss=0.0315  veh_in_box=0.0007
  step  7520  ep 84  loss=0.0069  veh_in_box=0.0002
  step  7540  ep 84  loss=0.0122  veh_in_box=0.0003
  step  7560  ep 84  loss=0.0233  veh_in_box=0.0007
[ep 85/100] train_loss=0.0240  val_loss=0.0394  val_veh_score=0.0008  elapsed=23.7 min
  step  7580  ep 85  loss=0.0156  veh_in_box=0.0004
  step  7600  ep 85  loss=0.0137  veh_in_box=0.0003
  step  7620  ep 85  loss=0.0254  veh_in_box=0.0011
  step  7640  ep 85  loss=0.0145  veh_in_box=0.0003
[ep 86/100] train_loss=0.0235  val_loss=0.0393  val_veh_score=0.0008  elapsed=24.0 min
  step  7660  ep 86  loss=0.0093  veh_in_box=0.0002
  step  7680  ep 86  loss=0.0362  veh_in_box=0.0009
  step  7700  ep 86  loss=0.0069  veh_in_box=0.0002
  step  7720  ep 86  loss=0.0161  veh_in_box=0.0004
  step  7740  ep 86  loss=0.0213  veh_in_box=0.0004
[ep 87/100] train_loss=0.0236  val_loss=0.0391  val_veh_score=0.0008  elapsed=24.3 min
  step  7760  ep 87  loss=0.0138  veh_in_box=0.0003
  step  7780  ep 87  loss=0.0094  veh_in_box=0.0003
  step  7800  ep 87  loss=0.0308  veh_in_box=0.0005
  step  7820  ep 87  loss=0.0182  veh_in_box=0.0004
[ep 88/100] train_loss=0.0232  val_loss=0.0389  val_veh_score=0.0008  elapsed=24.5 min
  step  7840  ep 88  loss=0.0248  veh_in_box=0.0010
  step  7860  ep 88  loss=0.0513  veh_in_box=0.0014
  step  7880  ep 88  loss=0.0350  veh_in_box=0.0009
  step  7900  ep 88  loss=0.0364  veh_in_box=0.0011
  step  7920  ep 88  loss=0.0241  veh_in_box=0.0007
[ep 89/100] train_loss=0.0234  val_loss=0.0390  val_veh_score=0.0008  elapsed=24.8 min
  step  7940  ep 89  loss=0.0342  veh_in_box=0.0007
  step  7960  ep 89  loss=0.0609  veh_in_box=0.0016
  step  7980  ep 89  loss=0.0163  veh_in_box=0.0004
  step  8000  ep 89  loss=0.0247  veh_in_box=0.0006
[ep 90/100] train_loss=0.0229  val_loss=0.0388  val_veh_score=0.0008  elapsed=25.1 min
  step  8020  ep 90  loss=0.0230  veh_in_box=0.0004
  step  8040  ep 90  loss=0.0077  veh_in_box=0.0002
  step  8060  ep 90  loss=0.0081  veh_in_box=0.0002
  step  8080  ep 90  loss=0.0318  veh_in_box=0.0008
[ep 91/100] train_loss=0.0226  val_loss=0.0388  val_veh_score=0.0008  elapsed=25.4 min
  step  8100  ep 91  loss=0.0115  veh_in_box=0.0004
  step  8120  ep 91  loss=0.0140  veh_in_box=0.0002
  step  8140  ep 91  loss=0.0053  veh_in_box=0.0001
  step  8160  ep 91  loss=0.0134  veh_in_box=0.0004
  step  8180  ep 91  loss=0.0185  veh_in_box=0.0005
[ep 92/100] train_loss=0.0231  val_loss=0.0388  val_veh_score=0.0008  elapsed=25.7 min
  step  8200  ep 92  loss=0.0140  veh_in_box=0.0003
  step  8220  ep 92  loss=0.0191  veh_in_box=0.0005
  step  8240  ep 92  loss=0.0230  veh_in_box=0.0008
  step  8260  ep 92  loss=0.0194  veh_in_box=0.0004
[ep 93/100] train_loss=0.0229  val_loss=0.0387  val_veh_score=0.0008  elapsed=25.9 min
  step  8280  ep 93  loss=0.0318  veh_in_box=0.0008
  step  8300  ep 93  loss=0.0075  veh_in_box=0.0003
  step  8320  ep 93  loss=0.0184  veh_in_box=0.0004
  step  8340  ep 93  loss=0.0463  veh_in_box=0.0009
  step  8360  ep 93  loss=0.0241  veh_in_box=0.0005
[ep 94/100] train_loss=0.0238  val_loss=0.0388  val_veh_score=0.0008  elapsed=26.2 min
  step  8380  ep 94  loss=0.0181  veh_in_box=0.0004
  step  8400  ep 94  loss=0.0308  veh_in_box=0.0005
  step  8420  ep 94  loss=0.0322  veh_in_box=0.0006
  step  8440  ep 94  loss=0.0170  veh_in_box=0.0005
[ep 95/100] train_loss=0.0230  val_loss=0.0387  val_veh_score=0.0008  elapsed=26.5 min
  step  8460  ep 95  loss=0.0293  veh_in_box=0.0006
  step  8480  ep 95  loss=0.0228  veh_in_box=0.0007
  step  8500  ep 95  loss=0.0255  veh_in_box=0.0010
  step  8520  ep 95  loss=0.0111  veh_in_box=0.0003
  step  8540  ep 95  loss=0.0159  veh_in_box=0.0005
[ep 96/100] train_loss=0.0227  val_loss=0.0386  val_veh_score=0.0008  elapsed=26.8 min
  step  8560  ep 96  loss=0.0498  veh_in_box=0.0020
  step  8580  ep 96  loss=0.0148  veh_in_box=0.0002
  step  8600  ep 96  loss=0.0134  veh_in_box=0.0006
  step  8620  ep 96  loss=0.0109  veh_in_box=0.0002
[ep 97/100] train_loss=0.0225  val_loss=0.0386  val_veh_score=0.0008  elapsed=27.1 min
  step  8640  ep 97  loss=0.0532  veh_in_box=0.0014
  step  8660  ep 97  loss=0.0250  veh_in_box=0.0005
  step  8680  ep 97  loss=0.0071  veh_in_box=0.0002
  step  8700  ep 97  loss=0.0221  veh_in_box=0.0004
  step  8720  ep 97  loss=0.0057  veh_in_box=0.0003
[ep 98/100] train_loss=0.0228  val_loss=0.0386  val_veh_score=0.0008  elapsed=27.3 min
  step  8740  ep 98  loss=0.0546  veh_in_box=0.0010
  step  8760  ep 98  loss=0.0077  veh_in_box=0.0002
  step  8780  ep 98  loss=0.0097  veh_in_box=0.0002
  step  8800  ep 98  loss=0.0117  veh_in_box=0.0003
[ep 99/100] train_loss=0.0227  val_loss=0.0386  val_veh_score=0.0008  elapsed=27.6 min
  step  8820  ep 99  loss=0.0071  veh_in_box=0.0001
  step  8840  ep 99  loss=0.0158  veh_in_box=0.0005
  step  8860  ep 99  loss=0.0136  veh_in_box=0.0003
  step  8880  ep 99  loss=0.0278  veh_in_box=0.0008
[ep 100/100] train_loss=0.0225  val_loss=0.0386  val_veh_score=0.0008  elapsed=27.9 min

DONE. patch_final.pt -> experiments/yolo_attack/run02_20260609_093207
